23:05:54 **** Incremental Build of configuration Release for project WATCHDOG2 ****
make -j12 all 
arm-none-eabi-gcc "../Core/Src/main.c" -mcpu=cortex-m3 -std=gnu11 -DUSE_HAL_DRIVER -DSTM32F103xB -c -I../Core/Inc -I../Drivers/STM32F1xx_HAL_Driver/Inc -I../Drivers/STM32F1xx_HAL_Driver/Inc/Legacy -I../Drivers/CMSIS/Device/ST/STM32F1xx/Include -I../Drivers/CMSIS/Include -Os -ffunction-sections -fdata-sections -Wall -fstack-usage -fcyclomatic-complexity -MMD -MP -MF"Core/Src/main.d" -MT"Core/Src/main.o" --specs=nano.specs -mfloat-abi=soft -mthumb -o "Core/Src/main.o"
arm-none-eabi-gcc -o "WATCHDOG2.elf" @"objects.list"   -mcpu=cortex-m3 -T"C:\Users\vomin\STM32CubeIDE\workspace_1.15.1\WATCHDOG2\STM32F103C8TX_FLASH.ld" --specs=nosys.specs -Wl,-Map="WATCHDOG2.map" -Wl,--gc-sections -static --specs=nano.specs -mfloat-abi=soft -mthumb -Wl,--start-group -lc -lm -Wl,--end-group
Finished building target: WATCHDOG2.elf
 
arm-none-eabi-size  WATCHDOG2.elf 
arm-none-eabi-objdump -h -S WATCHDOG2.elf  > "WATCHDOG2.list"
   text	   data	    bss	    dec	    hex	filename
   3308	     12	   1596	   4916	   1334	WATCHDOG2.elf
Finished building: default.size.stdout
 
Finished building: WATCHDOG2.list
 

23:05:55 Build Finished. 0 errors, 0 warnings. (took 509ms)

