Archive member included to satisfy reference by file (symbol)

C:/ST/STM32CubeIDE_1.15.1/STM32CubeIDE/plugins/com.st.stm32cube.ide.mcu.externaltools.gnu-tools-for-stm32.12.3.rel1.win32_1.0.100.202403111256/tools/bin/../lib/gcc/arm-none-eabi/12.3.1/../../../../arm-none-eabi/lib/thumb/v7-m/nofp\libc_nano.a(libc_a-exit.o)
                              C:/ST/STM32CubeIDE_1.15.1/STM32CubeIDE/plugins/com.st.stm32cube.ide.mcu.externaltools.gnu-tools-for-stm32.12.3.rel1.win32_1.0.100.202403111256/tools/bin/../lib/gcc/arm-none-eabi/12.3.1/../../../../arm-none-eabi/lib/thumb/v7-m/nofp/crt0.o (exit)
C:/ST/STM32CubeIDE_1.15.1/STM32CubeIDE/plugins/com.st.stm32cube.ide.mcu.externaltools.gnu-tools-for-stm32.12.3.rel1.win32_1.0.100.202403111256/tools/bin/../lib/gcc/arm-none-eabi/12.3.1/../../../../arm-none-eabi/lib/thumb/v7-m/nofp\libc_nano.a(libc_a-findfp.o)
                              C:/ST/STM32CubeIDE_1.15.1/STM32CubeIDE/plugins/com.st.stm32cube.ide.mcu.externaltools.gnu-tools-for-stm32.12.3.rel1.win32_1.0.100.202403111256/tools/bin/../lib/gcc/arm-none-eabi/12.3.1/../../../../arm-none-eabi/lib/thumb/v7-m/nofp\libc_nano.a(libc_a-exit.o) (__stdio_exit_handler)
C:/ST/STM32CubeIDE_1.15.1/STM32CubeIDE/plugins/com.st.stm32cube.ide.mcu.externaltools.gnu-tools-for-stm32.12.3.rel1.win32_1.0.100.202403111256/tools/bin/../lib/gcc/arm-none-eabi/12.3.1/../../../../arm-none-eabi/lib/thumb/v7-m/nofp\libc_nano.a(libc_a-fwalk.o)
                              C:/ST/STM32CubeIDE_1.15.1/STM32CubeIDE/plugins/com.st.stm32cube.ide.mcu.externaltools.gnu-tools-for-stm32.12.3.rel1.win32_1.0.100.202403111256/tools/bin/../lib/gcc/arm-none-eabi/12.3.1/../../../../arm-none-eabi/lib/thumb/v7-m/nofp\libc_nano.a(libc_a-findfp.o) (_fwalk_sglue)
C:/ST/STM32CubeIDE_1.15.1/STM32CubeIDE/plugins/com.st.stm32cube.ide.mcu.externaltools.gnu-tools-for-stm32.12.3.rel1.win32_1.0.100.202403111256/tools/bin/../lib/gcc/arm-none-eabi/12.3.1/../../../../arm-none-eabi/lib/thumb/v7-m/nofp\libc_nano.a(libc_a-sprintf.o)
                              ./Core/Src/main.o (sprintf)
C:/ST/STM32CubeIDE_1.15.1/STM32CubeIDE/plugins/com.st.stm32cube.ide.mcu.externaltools.gnu-tools-for-stm32.12.3.rel1.win32_1.0.100.202403111256/tools/bin/../lib/gcc/arm-none-eabi/12.3.1/../../../../arm-none-eabi/lib/thumb/v7-m/nofp\libc_nano.a(libc_a-stdio.o)
                              C:/ST/STM32CubeIDE_1.15.1/STM32CubeIDE/plugins/com.st.stm32cube.ide.mcu.externaltools.gnu-tools-for-stm32.12.3.rel1.win32_1.0.100.202403111256/tools/bin/../lib/gcc/arm-none-eabi/12.3.1/../../../../arm-none-eabi/lib/thumb/v7-m/nofp\libc_nano.a(libc_a-findfp.o) (__sread)
C:/ST/STM32CubeIDE_1.15.1/STM32CubeIDE/plugins/com.st.stm32cube.ide.mcu.externaltools.gnu-tools-for-stm32.12.3.rel1.win32_1.0.100.202403111256/tools/bin/../lib/gcc/arm-none-eabi/12.3.1/../../../../arm-none-eabi/lib/thumb/v7-m/nofp\libc_nano.a(libc_a-memset.o)
                              C:/ST/STM32CubeIDE_1.15.1/STM32CubeIDE/plugins/com.st.stm32cube.ide.mcu.externaltools.gnu-tools-for-stm32.12.3.rel1.win32_1.0.100.202403111256/tools/bin/../lib/gcc/arm-none-eabi/12.3.1/../../../../arm-none-eabi/lib/thumb/v7-m/nofp/crt0.o (memset)
C:/ST/STM32CubeIDE_1.15.1/STM32CubeIDE/plugins/com.st.stm32cube.ide.mcu.externaltools.gnu-tools-for-stm32.12.3.rel1.win32_1.0.100.202403111256/tools/bin/../lib/gcc/arm-none-eabi/12.3.1/../../../../arm-none-eabi/lib/thumb/v7-m/nofp\libc_nano.a(libc_a-closer.o)
                              C:/ST/STM32CubeIDE_1.15.1/STM32CubeIDE/plugins/com.st.stm32cube.ide.mcu.externaltools.gnu-tools-for-stm32.12.3.rel1.win32_1.0.100.202403111256/tools/bin/../lib/gcc/arm-none-eabi/12.3.1/../../../../arm-none-eabi/lib/thumb/v7-m/nofp\libc_nano.a(libc_a-stdio.o) (_close_r)
C:/ST/STM32CubeIDE_1.15.1/STM32CubeIDE/plugins/com.st.stm32cube.ide.mcu.externaltools.gnu-tools-for-stm32.12.3.rel1.win32_1.0.100.202403111256/tools/bin/../lib/gcc/arm-none-eabi/12.3.1/../../../../arm-none-eabi/lib/thumb/v7-m/nofp\libc_nano.a(libc_a-reent.o)
                              C:/ST/STM32CubeIDE_1.15.1/STM32CubeIDE/plugins/com.st.stm32cube.ide.mcu.externaltools.gnu-tools-for-stm32.12.3.rel1.win32_1.0.100.202403111256/tools/bin/../lib/gcc/arm-none-eabi/12.3.1/../../../../arm-none-eabi/lib/thumb/v7-m/nofp\libc_nano.a(libc_a-closer.o) (errno)
C:/ST/STM32CubeIDE_1.15.1/STM32CubeIDE/plugins/com.st.stm32cube.ide.mcu.externaltools.gnu-tools-for-stm32.12.3.rel1.win32_1.0.100.202403111256/tools/bin/../lib/gcc/arm-none-eabi/12.3.1/../../../../arm-none-eabi/lib/thumb/v7-m/nofp\libc_nano.a(libc_a-impure.o)
                              C:/ST/STM32CubeIDE_1.15.1/STM32CubeIDE/plugins/com.st.stm32cube.ide.mcu.externaltools.gnu-tools-for-stm32.12.3.rel1.win32_1.0.100.202403111256/tools/bin/../lib/gcc/arm-none-eabi/12.3.1/../../../../arm-none-eabi/lib/thumb/v7-m/nofp\libc_nano.a(libc_a-sprintf.o) (_impure_ptr)
[...]
Memory Configuration

Name             Origin             Length             Attributes
RAM              0x20000000         0x00005000         xrw
FLASH            0x08000000         0x00010000         xr
*default*        0x00000000         0xffffffff

Linker script and memory map

LOAD C:/ST/STM32CubeIDE_1.15.1/STM32CubeIDE/plugins/com.st.stm32cube.ide.mcu.externaltools.gnu-tools-for-stm32.12.3.rel1.win32_1.0.100.202403111256/tools/bin/../lib/gcc/arm-none-eabi/12.3.1/thumb/v7-m/nofp/crti.o
LOAD C:/ST/STM32CubeIDE_1.15.1/STM32CubeIDE/plugins/com.st.stm32cube.ide.mcu.externaltools.gnu-tools-for-stm32.12.3.rel1.win32_1.0.100.202403111256/tools/bin/../lib/gcc/arm-none-eabi/12.3.1/thumb/v7-m/nofp/crtbegin.o
LOAD C:/ST/STM32CubeIDE_1.15.1/STM32CubeIDE/plugins/com.st.stm32cube.ide.mcu.externaltools.gnu-tools-for-stm32.12.3.rel1.win32_1.0.100.202403111256/tools/bin/../lib/gcc/arm-none-eabi/12.3.1/../../../../arm-none-eabi/lib/thumb/v7-m/nofp/crt0.o
LOAD ./Core/Src/main.o
LOAD ./Core/Src/stm32f1xx_hal_msp.o
LOAD ./Core/Src/stm32f1xx_it.o
LOAD ./Core/Src/syscalls.o
LOAD ./Core/Src/sysmem.o
LOAD ./Core/Src/system_stm32f1xx.o
LOAD ./Core/Startup/startup_stm32f103c8tx.o
LOAD ./Drivers/STM32F1xx_HAL_Driver/Src/stm32f1xx_hal.o
LOAD ./Drivers/STM32F1xx_HAL_Driver/Src/stm32f1xx_hal_cortex.o
LOAD ./Drivers/STM32F1xx_HAL_Driver/Src/stm32f1xx_hal_dma.o
LOAD ./Drivers/STM32F1xx_HAL_Driver/Src/stm32f1xx_hal_exti.o
LOAD ./Drivers/STM32F1xx_HAL_Driver/Src/stm32f1xx_hal_flash.o
LOAD ./Drivers/STM32F1xx_HAL_Driver/Src/stm32f1xx_hal_flash_ex.o
LOAD ./Drivers/STM32F1xx_HAL_Driver/Src/stm32f1xx_hal_gpio.o
LOAD ./Drivers/STM32F1xx_HAL_Driver/Src/stm32f1xx_hal_gpio_ex.o
LOAD ./Drivers/STM32F1xx_HAL_Driver/Src/stm32f1xx_hal_pcd.o
LOAD ./Drivers/STM32F1xx_HAL_Driver/Src/stm32f1xx_hal_pcd_ex.o
LOAD ./Drivers/STM32F1xx_HAL_Driver/Src/stm32f1xx_hal_pwr.o
LOAD ./Drivers/STM32F1xx_HAL_Driver/Src/stm32f1xx_hal_rcc.o
LOAD ./Drivers/STM32F1xx_HAL_Driver/Src/stm32f1xx_hal_rcc_ex.o
LOAD ./Drivers/STM32F1xx_HAL_Driver/Src/stm32f1xx_hal_tim.o
LOAD ./Drivers/STM32F1xx_HAL_Driver/Src/stm32f1xx_hal_tim_ex.o
LOAD ./Drivers/STM32F1xx_HAL_Driver/Src/stm32f1xx_ll_usb.o
LOAD ./Middlewares/ST/STM32_USB_Device_Library/Class/HID/Src/usbd_hid.o
LOAD ./Middlewares/ST/STM32_USB_Device_Library/Core/Src/usbd_core.o
LOAD ./Middlewares/ST/STM32_USB_Device_Library/Core/Src/usbd_ctlreq.o
LOAD ./Middlewares/ST/STM32_USB_Device_Library/Core/Src/usbd_ioreq.o
LOAD ./USB_DEVICE/App/usb_device.o
LOAD ./USB_DEVICE/App/usbd_desc.o
LOAD ./USB_DEVICE/Target/usbd_conf.o
START GROUP
LOAD C:/ST/STM32CubeIDE_1.15.1/STM32CubeIDE/plugins/com.st.stm32cube.ide.mcu.externaltools.gnu-tools-for-stm32.12.3.rel1.win32_1.0.100.202403111256/tools/bin/../lib/gcc/arm-none-eabi/12.3.1/../../../../arm-none-eabi/lib/thumb/v7-m/nofp\libc_nano.a
LOAD C:/ST/STM32CubeIDE_1.15.1/STM32CubeIDE/plugins/com.st.stm32cube.ide.mcu.externaltools.gnu-tools-for-stm32.12.3.rel1.win32_1.0.100.202403111256/tools/bin/../lib/gcc/arm-none-eabi/12.3.1/../../../../arm-none-eabi/lib/thumb/v7-m/nofp\libm.a
END GROUP
START GROUP
LOAD C:/ST/STM32CubeIDE_1.15.1/STM32CubeIDE/plugins/com.st.stm32cube.ide.mcu.externaltools.gnu-tools-for-stm32.12.3.rel1.win32_1.0.100.202403111256/tools/bin/../lib/gcc/arm-none-eabi/12.3.1/thumb/v7-m/nofp\libgcc.a
LOAD C:/ST/STM32CubeIDE_1.15.1/STM32CubeIDE/plugins/com.st.stm32cube.ide.mcu.externaltools.gnu-tools-for-stm32.12.3.rel1.win32_1.0.100.202403111256/tools/bin/../lib/gcc/arm-none-eabi/12.3.1/../../../../arm-none-eabi/lib/thumb/v7-m/nofp\libc_nano.a
END GROUP
START GROUP
LOAD C:/ST/STM32CubeIDE_1.15.1/STM32CubeIDE/plugins/com.st.stm32cube.ide.mcu.externaltools.gnu-tools-for-stm32.12.3.rel1.win32_1.0.100.202403111256/tools/bin/../lib/gcc/arm-none-eabi/12.3.1/thumb/v7-m/nofp\libgcc.a
LOAD C:/ST/STM32CubeIDE_1.15.1/STM32CubeIDE/plugins/com.st.stm32cube.ide.mcu.externaltools.gnu-tools-for-stm32.12.3.rel1.win32_1.0.100.202403111256/tools/bin/../lib/gcc/arm-none-eabi/12.3.1/../../../../arm-none-eabi/lib/thumb/v7-m/nofp\libc_nano.a
LOAD C:/ST/STM32CubeIDE_1.15.1/STM32CubeIDE/plugins/com.st.stm32cube.ide.mcu.externaltools.gnu-tools-for-stm32.12.3.rel1.win32_1.0.100.202403111256/tools/bin/../lib/gcc/arm-none-eabi/12.3.1/../../../../arm-none-eabi/lib/thumb/v7-m/nofp\libnosys.a
END GROUP
START GROUP
LOAD C:/ST/STM32CubeIDE_1.15.1/STM32CubeIDE/plugins/com.st.stm32cube.ide.mcu.externaltools.gnu-tools-for-stm32.12.3.rel1.win32_1.0.100.202403111256/tools/bin/../lib/gcc/arm-none-eabi/12.3.1/thumb/v7-m/nofp\libgcc.a
LOAD C:/ST/STM32CubeIDE_1.15.1/STM32CubeIDE/plugins/com.st.stm32cube.ide.mcu.externaltools.gnu-tools-for-stm32.12.3.rel1.win32_1.0.100.202403111256/tools/bin/../lib/gcc/arm-none-eabi/12.3.1/../../../../arm-none-eabi/lib/thumb/v7-m/nofp\libc_nano.a
LOAD C:/ST/STM32CubeIDE_1.15.1/STM32CubeIDE/plugins/com.st.stm32cube.ide.mcu.externaltools.gnu-tools-for-stm32.12.3.rel1.win32_1.0.100.202403111256/tools/bin/../lib/gcc/arm-none-eabi/12.3.1/../../../../arm-none-eabi/lib/thumb/v7-m/nofp\libnosys.a
END GROUP
LOAD C:/ST/STM32CubeIDE_1.15.1/STM32CubeIDE/plugins/com.st.stm32cube.ide.mcu.externaltools.gnu-tools-for-stm32.12.3.rel1.win32_1.0.100.202403111256/tools/bin/../lib/gcc/arm-none-eabi/12.3.1/thumb/v7-m/nofp/crtend.o
LOAD C:/ST/STM32CubeIDE_1.15.1/STM32CubeIDE/plugins/com.st.stm32cube.ide.mcu.externaltools.gnu-tools-for-stm32.12.3.rel1.win32_1.0.100.202403111256/tools/bin/../lib/gcc/arm-none-eabi/12.3.1/thumb/v7-m/nofp/crtn.o
                0x20005000                        _estack = (ORIGIN (RAM) + LENGTH (RAM))
                0x00000200                        _Min_Heap_Size = 0x200
                0x00000400                        _Min_Stack_Size = 0x400

.isr_vector     0x08000000      0x10c
                0x08000000                        . = ALIGN (0x4)
 *(.isr_vector)
 .isr_vector    0x08000000      0x10c ./Core/Startup/startup_stm32f103c8tx.o
                0x08000000                g_pfnVectors
                0x0800010c                        . = ALIGN (0x4)

.text           0x0800010c     0x77f0
                0x0800010c                        . = ALIGN (0x4)
 *(.text)
 .text          0x0800010c       0x40 C:/ST/STM32CubeIDE_1.15.1/STM32CubeIDE/plugins/com.st.stm32cube.ide.mcu.externaltools.gnu-tools-for-stm32.12.3.rel1.win32_1.0.100.202403111256/tools/bin/../lib/gcc/arm-none-eabi/12.3.1/thumb/v7-m/nofp/crtbegin.o
 .text          0x0800014c       0x10 C:/ST/STM32CubeIDE_1.15.1/STM32CubeIDE/plugins/com.st.stm32cube.ide.mcu.externaltools.gnu-tools-for-stm32.12.3.rel1.win32_1.0.100.202403111256/tools/bin/../lib/gcc/arm-none-eabi/12.3.1/../../../../arm-none-eabi/lib/thumb/v7-m/nofp\libc_nano.a(libc_a-strlen.o)
                0x0800014c                strlen
 *(.text*)
 .text.KeyBoardPrint
                0x0800015c      0x140 ./Core/Src/main.o
                0x0800015c                KeyBoardPrint
 .text.main     0x0800029c       0x44 ./Core/Src/main.o
                0x0800029c                main
 .text.SystemClock_Config
                0x080002e0       0xb4 ./Core/Src/main.o
                0x080002e0                SystemClock_Config
 .text.MX_GPIO_Init
                0x08000394       0x44 ./Core/Src/main.o
 .text.Error_Handler
                0x080003d8        0xc ./Core/Src/main.o
                0x080003d8                Error_Handler
 .text.HAL_MspInit
                0x080003e4       0x64 ./Core/Src/stm32f1xx_hal_msp.o
                0x080003e4                HAL_MspInit
 .text.NMI_Handler
                0x08000448        0x8 ./Core/Src/stm32f1xx_it.o
                0x08000448                NMI_Handler
 .text.HardFault_Handler
                0x08000450        0x8 ./Core/Src/stm32f1xx_it.o
                0x08000450                HardFault_Handler
 .text.MemManage_Handler
                0x08000458        0x8 ./Core/Src/stm32f1xx_it.o
                0x08000458                MemManage_Handler
 .text.BusFault_Handler
                0x08000460        0x8 ./Core/Src/stm32f1xx_it.o
                0x08000460                BusFault_Handler
 .text.UsageFault_Handler
                0x08000468        0x8 ./Core/Src/stm32f1xx_it.o
                0x08000468                UsageFault_Handler
 .text.SVC_Handler
                0x08000470        0xc ./Core/Src/stm32f1xx_it.o
                0x08000470                SVC_Handler
 .text.DebugMon_Handler
                0x0800047c        0xc ./Core/Src/stm32f1xx_it.o
                0x0800047c                DebugMon_Handler
 .text.PendSV_Handler
                0x08000488        0xc ./Core/Src/stm32f1xx_it.o
                0x08000488                PendSV_Handler
 .text.SysTick_Handler
                0x08000494        0xc ./Core/Src/stm32f1xx_it.o
                0x08000494                SysTick_Handler
 .text.USB_LP_CAN1_RX0_IRQHandler
                0x080004a0       0x14 ./Core/Src/stm32f1xx_it.o
                0x080004a0                USB_LP_CAN1_RX0_IRQHandler
 .text._sbrk    0x080004b4       0x6c ./Core/Src/sysmem.o
                0x080004b4                _sbrk
 .text.SystemInit
                0x08000520        0xc ./Core/Src/system_stm32f1xx.o
                0x08000520                SystemInit
 .text.Reset_Handler
                0x0800052c       0x48 ./Core/Startup/startup_stm32f103c8tx.o
                0x0800052c                Reset_Handler
 .text.Default_Handler
                0x08000574        0x2 ./Core/Startup/startup_stm32f103c8tx.o
                0x08000574                RTC_Alarm_IRQHandler
                0x08000574                EXTI2_IRQHandler
                0x08000574                TIM1_CC_IRQHandler
                0x08000574                PVD_IRQHandler
                0x08000574                EXTI3_IRQHandler
                0x08000574                EXTI0_IRQHandler
                0x08000574                I2C2_EV_IRQHandler
                0x08000574                ADC1_2_IRQHandler
                0x08000574                SPI1_IRQHandler
                0x08000574                TAMPER_IRQHandler
                0x08000574                DMA1_Channel4_IRQHandler
                0x08000574                USART3_IRQHandler
                0x08000574                RTC_IRQHandler
                0x08000574                DMA1_Channel7_IRQHandler
                0x08000574                CAN1_RX1_IRQHandler
                0x08000574                TIM4_IRQHandler
                0x08000574                I2C1_EV_IRQHandler
                0x08000574                DMA1_Channel6_IRQHandler
                0x08000574                TIM3_IRQHandler
                0x08000574                RCC_IRQHandler
                0x08000574                TIM1_TRG_COM_IRQHandler
                0x08000574                DMA1_Channel1_IRQHandler
                0x08000574                Default_Handler
                0x08000574                EXTI15_10_IRQHandler
                0x08000574                EXTI9_5_IRQHandler
                0x08000574                SPI2_IRQHandler
                0x08000574                DMA1_Channel5_IRQHandler
                0x08000574                EXTI4_IRQHandler
                0x08000574                USB_HP_CAN1_TX_IRQHandler
                0x08000574                DMA1_Channel3_IRQHandler
                0x08000574                TIM1_UP_IRQHandler
                0x08000574                WWDG_IRQHandler
                0x08000574                TIM2_IRQHandler
                0x08000574                TIM1_BRK_IRQHandler
                0x08000574                EXTI1_IRQHandler
                0x08000574                USART2_IRQHandler
                0x08000574                I2C2_ER_IRQHandler
                0x08000574                DMA1_Channel2_IRQHandler
                0x08000574                CAN1_SCE_IRQHandler
                0x08000574                FLASH_IRQHandler
                0x08000574                USART1_IRQHandler
                0x08000574                I2C1_ER_IRQHandler
                0x08000574                USBWakeUp_IRQHandler
 *fill*         0x08000576        0x2 
 .text.HAL_Init
                0x08000578       0x2c ./Drivers/STM32F1xx_HAL_Driver/Src/stm32f1xx_hal.o
                0x08000578                HAL_Init
 .text.HAL_InitTick
                0x080005a4       0x60 ./Drivers/STM32F1xx_HAL_Driver/Src/stm32f1xx_hal.o
                0x080005a4                HAL_InitTick
 .text.HAL_IncTick
                0x08000604       0x24 ./Drivers/STM32F1xx_HAL_Driver/Src/stm32f1xx_hal.o
                0x08000604                HAL_IncTick
 .text.HAL_GetTick
                0x08000628       0x14 ./Drivers/STM32F1xx_HAL_Driver/Src/stm32f1xx_hal.o
                0x08000628                HAL_GetTick
 .text.HAL_Delay
                0x0800063c       0x48 ./Drivers/STM32F1xx_HAL_Driver/Src/stm32f1xx_hal.o
                0x0800063c                HAL_Delay
 .text.__NVIC_SetPriorityGrouping
                0x08000684       0x48 ./Drivers/STM32F1xx_HAL_Driver/Src/stm32f1xx_hal_cortex.o
 .text.__NVIC_GetPriorityGrouping
                0x080006cc       0x1c ./Drivers/STM32F1xx_HAL_Driver/Src/stm32f1xx_hal_cortex.o
 .text.__NVIC_EnableIRQ
                0x080006e8       0x38 ./Drivers/STM32F1xx_HAL_Driver/Src/stm32f1xx_hal_cortex.o
 .text.__NVIC_SetPriority
                0x08000720       0x54 ./Drivers/STM32F1xx_HAL_Driver/Src/stm32f1xx_hal_cortex.o
 .text.NVIC_EncodePriority
                0x08000774       0x64 ./Drivers/STM32F1xx_HAL_Driver/Src/stm32f1xx_hal_cortex.o
 .text.SysTick_Config
                0x080007d8       0x44 ./Drivers/STM32F1xx_HAL_Driver/Src/stm32f1xx_hal_cortex.o
 .text.HAL_NVIC_SetPriorityGrouping
                0x0800081c       0x16 ./Drivers/STM32F1xx_HAL_Driver/Src/stm32f1xx_hal_cortex.o
                0x0800081c                HAL_NVIC_SetPriorityGrouping
 .text.HAL_NVIC_SetPriority
                0x08000832       0x38 ./Drivers/STM32F1xx_HAL_Driver/Src/stm32f1xx_hal_cortex.o
                0x08000832                HAL_NVIC_SetPriority
 .text.HAL_NVIC_EnableIRQ
                0x0800086a       0x1c ./Drivers/STM32F1xx_HAL_Driver/Src/stm32f1xx_hal_cortex.o
                0x0800086a                HAL_NVIC_EnableIRQ
 .text.HAL_SYSTICK_Config
                0x08000886       0x18 ./Drivers/STM32F1xx_HAL_Driver/Src/stm32f1xx_hal_cortex.o
                0x08000886                HAL_SYSTICK_Config
 .text.HAL_PCD_Init
                0x0800089e      0x1fe ./Drivers/STM32F1xx_HAL_Driver/Src/stm32f1xx_hal_pcd.o
                0x0800089e                HAL_PCD_Init
 .text.HAL_PCD_Start
                0x08000a9c       0x4c ./Drivers/STM32F1xx_HAL_Driver/Src/stm32f1xx_hal_pcd.o
                0x08000a9c                HAL_PCD_Start
 .text.HAL_PCD_IRQHandler
                0x08000ae8      0x260 ./Drivers/STM32F1xx_HAL_Driver/Src/stm32f1xx_hal_pcd.o
                0x08000ae8                HAL_PCD_IRQHandler
 .text.HAL_PCD_SetAddress
                0x08000d48       0x4a ./Drivers/STM32F1xx_HAL_Driver/Src/stm32f1xx_hal_pcd.o
                0x08000d48                HAL_PCD_SetAddress
 .text.HAL_PCD_EP_Open
                0x08000d92       0xba ./Drivers/STM32F1xx_HAL_Driver/Src/stm32f1xx_hal_pcd.o
                0x08000d92                HAL_PCD_EP_Open
 .text.HAL_PCD_EP_Close
                0x08000e4c       0x90 ./Drivers/STM32F1xx_HAL_Driver/Src/stm32f1xx_hal_pcd.o
                0x08000e4c                HAL_PCD_EP_Close
 .text.HAL_PCD_EP_Receive
                0x08000edc       0x62 ./Drivers/STM32F1xx_HAL_Driver/Src/stm32f1xx_hal_pcd.o
                0x08000edc                HAL_PCD_EP_Receive
 .text.HAL_PCD_EP_Transmit
                0x08000f3e       0x6e ./Drivers/STM32F1xx_HAL_Driver/Src/stm32f1xx_hal_pcd.o
                0x08000f3e                HAL_PCD_EP_Transmit
 .text.HAL_PCD_EP_SetStall
                0x08000fac       0xc0 ./Drivers/STM32F1xx_HAL_Driver/Src/stm32f1xx_hal_pcd.o
                0x08000fac                HAL_PCD_EP_SetStall
 .text.HAL_PCD_EP_ClrStall
                0x0800106c       0xa8 ./Drivers/STM32F1xx_HAL_Driver/Src/stm32f1xx_hal_pcd.o
                0x0800106c                HAL_PCD_EP_ClrStall
 .text.PCD_EP_ISR_Handler
                0x08001114      0x7a4 ./Drivers/STM32F1xx_HAL_Driver/Src/stm32f1xx_hal_pcd.o
 .text.HAL_PCD_EP_DB_Receive
                0x080018b8      0x21a ./Drivers/STM32F1xx_HAL_Driver/Src/stm32f1xx_hal_pcd.o
 .text.HAL_PCD_EP_DB_Transmit
                0x08001ad2      0x7f4 ./Drivers/STM32F1xx_HAL_Driver/Src/stm32f1xx_hal_pcd.o
 .text.HAL_PCDEx_PMAConfig
                0x080022c6       0x84 ./Drivers/STM32F1xx_HAL_Driver/Src/stm32f1xx_hal_pcd_ex.o
                0x080022c6                HAL_PCDEx_PMAConfig
 *fill*         0x0800234a        0x2 
 .text.HAL_RCC_OscConfig
                0x0800234c      0x504 ./Drivers/STM32F1xx_HAL_Driver/Src/stm32f1xx_hal_rcc.o
                0x0800234c                HAL_RCC_OscConfig
 .text.HAL_RCC_ClockConfig
                0x08002850      0x1d4 ./Drivers/STM32F1xx_HAL_Driver/Src/stm32f1xx_hal_rcc.o
                0x08002850                HAL_RCC_ClockConfig
 .text.HAL_RCC_GetSysClockFreq
                0x08002a24       0xa8 ./Drivers/STM32F1xx_HAL_Driver/Src/stm32f1xx_hal_rcc.o
                0x08002a24                HAL_RCC_GetSysClockFreq
 .text.RCC_Delay
                0x08002acc       0x3c ./Drivers/STM32F1xx_HAL_Driver/Src/stm32f1xx_hal_rcc.o
 .text.HAL_RCCEx_PeriphCLKConfig
                0x08002b08      0x16c ./Drivers/STM32F1xx_HAL_Driver/Src/stm32f1xx_hal_rcc_ex.o
                0x08002b08                HAL_RCCEx_PeriphCLKConfig
 .text.USB_CoreInit
                0x08002c74       0x20 ./Drivers/STM32F1xx_HAL_Driver/Src/stm32f1xx_ll_usb.o
                0x08002c74                USB_CoreInit
 .text.USB_EnableGlobalInt
                0x08002c94       0x2c ./Drivers/STM32F1xx_HAL_Driver/Src/stm32f1xx_ll_usb.o
                0x08002c94                USB_EnableGlobalInt
 .text.USB_DisableGlobalInt
                0x08002cc0       0x34 ./Drivers/STM32F1xx_HAL_Driver/Src/stm32f1xx_ll_usb.o
                0x08002cc0                USB_DisableGlobalInt
 .text.USB_SetCurrentMode
                0x08002cf4       0x18 ./Drivers/STM32F1xx_HAL_Driver/Src/stm32f1xx_ll_usb.o
                0x08002cf4                USB_SetCurrentMode
 .text.USB_DevInit
                0x08002d0c       0x40 ./Drivers/STM32F1xx_HAL_Driver/Src/stm32f1xx_ll_usb.o
                0x08002d0c                USB_DevInit
 .text.USB_ActivateEndpoint
                0x08002d4c      0x780 ./Drivers/STM32F1xx_HAL_Driver/Src/stm32f1xx_ll_usb.o
                0x08002d4c                USB_ActivateEndpoint
 .text.USB_DeactivateEndpoint
                0x080034cc      0x3d8 ./Drivers/STM32F1xx_HAL_Driver/Src/stm32f1xx_ll_usb.o
                0x080034cc                USB_DeactivateEndpoint
 .text.USB_EPStartXfer
                0x080038a4     0x1762 ./Drivers/STM32F1xx_HAL_Driver/Src/stm32f1xx_ll_usb.o
                0x080038a4                USB_EPStartXfer
 .text.USB_EPSetStall
                0x08005006       0xa0 ./Drivers/STM32F1xx_HAL_Driver/Src/stm32f1xx_ll_usb.o
                0x08005006                USB_EPSetStall
 .text.USB_EPClearStall
                0x080050a6      0x15a ./Drivers/STM32F1xx_HAL_Driver/Src/stm32f1xx_ll_usb.o
                0x080050a6                USB_EPClearStall
 .text.USB_SetDevAddress
                0x08005200       0x26 ./Drivers/STM32F1xx_HAL_Driver/Src/stm32f1xx_ll_usb.o
                0x08005200                USB_SetDevAddress
 .text.USB_DevConnect
                0x08005226       0x14 ./Drivers/STM32F1xx_HAL_Driver/Src/stm32f1xx_ll_usb.o
                0x08005226                USB_DevConnect
 .text.USB_DevDisconnect
                0x0800523a       0x14 ./Drivers/STM32F1xx_HAL_Driver/Src/stm32f1xx_ll_usb.o
                0x0800523a                USB_DevDisconnect
 .text.USB_ReadInterrupts
                0x0800524e       0x1e ./Drivers/STM32F1xx_HAL_Driver/Src/stm32f1xx_ll_usb.o
                0x0800524e                USB_ReadInterrupts
 .text.USB_EP0_OutStart
                0x0800526c       0x16 ./Drivers/STM32F1xx_HAL_Driver/Src/stm32f1xx_ll_usb.o
                0x0800526c                USB_EP0_OutStart
 .text.USB_WritePMA
                0x08005282       0x8a ./Drivers/STM32F1xx_HAL_Driver/Src/stm32f1xx_ll_usb.o
                0x08005282                USB_WritePMA
 .text.USB_ReadPMA
                0x0800530c       0x9e ./Drivers/STM32F1xx_HAL_Driver/Src/stm32f1xx_ll_usb.o
                0x0800530c                USB_ReadPMA
 .text.USBD_HID_Init
                0x080053aa       0x4e ./Middlewares/ST/STM32_USB_Device_Library/Class/HID/Src/usbd_hid.o
 .text.USBD_HID_DeInit
                0x080053f8       0x42 ./Middlewares/ST/STM32_USB_Device_Library/Class/HID/Src/usbd_hid.o
 *fill*         0x0800543a        0x2 
 .text.USBD_HID_Setup
                0x0800543c      0x1fc ./Middlewares/ST/STM32_USB_Device_Library/Class/HID/Src/usbd_hid.o
 .text.USBD_HID_SendReport
                0x08005638       0x44 ./Middlewares/ST/STM32_USB_Device_Library/Class/HID/Src/usbd_hid.o
                0x08005638                USBD_HID_SendReport
 .text.USBD_HID_GetFSCfgDesc
                0x0800567c       0x20 ./Middlewares/ST/STM32_USB_Device_Library/Class/HID/Src/usbd_hid.o
 .text.USBD_HID_GetHSCfgDesc
                0x0800569c       0x20 ./Middlewares/ST/STM32_USB_Device_Library/Class/HID/Src/usbd_hid.o
 .text.USBD_HID_GetOtherSpeedCfgDesc
                0x080056bc       0x20 ./Middlewares/ST/STM32_USB_Device_Library/Class/HID/Src/usbd_hid.o
 .text.USBD_HID_DataIn
                0x080056dc       0x22 ./Middlewares/ST/STM32_USB_Device_Library/Class/HID/Src/usbd_hid.o
 *fill*         0x080056fe        0x2 
 .text.USBD_HID_GetDeviceQualifierDesc
                0x08005700       0x20 ./Middlewares/ST/STM32_USB_Device_Library/Class/HID/Src/usbd_hid.o
 .text.USBD_Init
                0x08005720       0x56 ./Middlewares/ST/STM32_USB_Device_Library/Core/Src/usbd_core.o
                0x08005720                USBD_Init
 .text.USBD_RegisterClass
                0x08005776       0x32 ./Middlewares/ST/STM32_USB_Device_Library/Core/Src/usbd_core.o
                0x08005776                USBD_RegisterClass
 .text.USBD_Start
                0x080057a8       0x18 ./Middlewares/ST/STM32_USB_Device_Library/Core/Src/usbd_core.o
                0x080057a8                USBD_Start
 .text.USBD_RunTestMode
                0x080057c0       0x14 ./Middlewares/ST/STM32_USB_Device_Library/Core/Src/usbd_core.o
                0x080057c0                USBD_RunTestMode
 .text.USBD_SetClassConfig
                0x080057d4       0x3e ./Middlewares/ST/STM32_USB_Device_Library/Core/Src/usbd_core.o
                0x080057d4                USBD_SetClassConfig
 .text.USBD_ClrClassConfig
                0x08005812       0x26 ./Middlewares/ST/STM32_USB_Device_Library/Core/Src/usbd_core.o
                0x08005812                USBD_ClrClassConfig
 .text.USBD_LL_SetupStage
                0x08005838       0x9a ./Middlewares/ST/STM32_USB_Device_Library/Core/Src/usbd_core.o
                0x08005838                USBD_LL_SetupStage
 .text.USBD_LL_DataOutStage
                0x080058d2       0xe2 ./Middlewares/ST/STM32_USB_Device_Library/Core/Src/usbd_core.o
                0x080058d2                USBD_LL_DataOutStage
 .text.USBD_LL_DataInStage
                0x080059b4      0x14a ./Middlewares/ST/STM32_USB_Device_Library/Core/Src/usbd_core.o
                0x080059b4                USBD_LL_DataInStage
 .text.USBD_LL_Reset
                0x08005afe       0x82 ./Middlewares/ST/STM32_USB_Device_Library/Core/Src/usbd_core.o
                0x08005afe                USBD_LL_Reset
 .text.USBD_LL_SetSpeed
                0x08005b80       0x1e ./Middlewares/ST/STM32_USB_Device_Library/Core/Src/usbd_core.o
                0x08005b80                USBD_LL_SetSpeed
 .text.USBD_LL_Suspend
                0x08005b9e       0x28 ./Middlewares/ST/STM32_USB_Device_Library/Core/Src/usbd_core.o
                0x08005b9e                USBD_LL_Suspend
 .text.USBD_LL_Resume
                0x08005bc6       0x2a ./Middlewares/ST/STM32_USB_Device_Library/Core/Src/usbd_core.o
                0x08005bc6                USBD_LL_Resume
 .text.USBD_LL_SOF
                0x08005bf0       0x34 ./Middlewares/ST/STM32_USB_Device_Library/Core/Src/usbd_core.o
                0x08005bf0                USBD_LL_SOF
 .text.USBD_StdDevReq
                0x08005c24       0xd4 ./Middlewares/ST/STM32_USB_Device_Library/Core/Src/usbd_ctlreq.o
                0x08005c24                USBD_StdDevReq
 .text.USBD_StdItfReq
                0x08005cf8       0x90 ./Middlewares/ST/STM32_USB_Device_Library/Core/Src/usbd_ctlreq.o
                0x08005cf8                USBD_StdItfReq
 .text.USBD_StdEPReq
                0x08005d88      0x2c6 ./Middlewares/ST/STM32_USB_Device_Library/Core/Src/usbd_ctlreq.o
                0x08005d88                USBD_StdEPReq
 *fill*         0x0800604e        0x2 
 .text.USBD_GetDescriptor
                0x08006050      0x2d0 ./Middlewares/ST/STM32_USB_Device_Library/Core/Src/usbd_ctlreq.o
 .text.USBD_SetAddress
                0x08006320       0x86 ./Middlewares/ST/STM32_USB_Device_Library/Core/Src/usbd_ctlreq.o
 *fill*         0x080063a6        0x2 
 .text.USBD_SetConfig
                0x080063a8      0x11c ./Middlewares/ST/STM32_USB_Device_Library/Core/Src/usbd_ctlreq.o
 .text.USBD_GetConfig
                0x080064c4       0x6a ./Middlewares/ST/STM32_USB_Device_Library/Core/Src/usbd_ctlreq.o
 .text.USBD_GetStatus
                0x0800652e       0x66 ./Middlewares/ST/STM32_USB_Device_Library/Core/Src/usbd_ctlreq.o
 .text.USBD_SetFeature
                0x08006594       0x28 ./Middlewares/ST/STM32_USB_Device_Library/Core/Src/usbd_ctlreq.o
 .text.USBD_ClrFeature
                0x080065bc       0x42 ./Middlewares/ST/STM32_USB_Device_Library/Core/Src/usbd_ctlreq.o
 .text.USBD_ParseSetupRequest
                0x080065fe       0x72 ./Middlewares/ST/STM32_USB_Device_Library/Core/Src/usbd_ctlreq.o
                0x080065fe                USBD_ParseSetupRequest
 .text.USBD_CtlError
                0x08006670       0x22 ./Middlewares/ST/STM32_USB_Device_Library/Core/Src/usbd_ctlreq.o
                0x08006670                USBD_CtlError
 .text.USBD_GetString
                0x08006692       0x84 ./Middlewares/ST/STM32_USB_Device_Library/Core/Src/usbd_ctlreq.o
                0x08006692                USBD_GetString
 .text.USBD_GetLen
                0x08006716       0x2e ./Middlewares/ST/STM32_USB_Device_Library/Core/Src/usbd_ctlreq.o
 .text.USBD_CtlSendData
                0x08006744       0x38 ./Middlewares/ST/STM32_USB_Device_Library/Core/Src/usbd_ioreq.o
                0x08006744                USBD_CtlSendData
 .text.USBD_CtlContinueSendData
                0x0800677c       0x24 ./Middlewares/ST/STM32_USB_Device_Library/Core/Src/usbd_ioreq.o
                0x0800677c                USBD_CtlContinueSendData
 .text.USBD_CtlContinueRx
                0x080067a0       0x24 ./Middlewares/ST/STM32_USB_Device_Library/Core/Src/usbd_ioreq.o
                0x080067a0                USBD_CtlContinueRx
 .text.USBD_CtlSendStatus
                0x080067c4       0x26 ./Middlewares/ST/STM32_USB_Device_Library/Core/Src/usbd_ioreq.o
                0x080067c4                USBD_CtlSendStatus
 .text.USBD_CtlReceiveStatus
                0x080067ea       0x26 ./Middlewares/ST/STM32_USB_Device_Library/Core/Src/usbd_ioreq.o
                0x080067ea                USBD_CtlReceiveStatus
 .text.MX_USB_DEVICE_Init
                0x08006810       0x4c ./USB_DEVICE/App/usb_device.o
                0x08006810                MX_USB_DEVICE_Init
 .text.USBD_FS_DeviceDescriptor
                0x0800685c       0x24 ./USB_DEVICE/App/usbd_desc.o
                0x0800685c                USBD_FS_DeviceDescriptor
 .text.USBD_FS_LangIDStrDescriptor
                0x08006880       0x24 ./USB_DEVICE/App/usbd_desc.o
                0x08006880                USBD_FS_LangIDStrDescriptor
 .text.USBD_FS_ProductStrDescriptor
                0x080068a4       0x3c ./USB_DEVICE/App/usbd_desc.o
                0x080068a4                USBD_FS_ProductStrDescriptor
 .text.USBD_FS_ManufacturerStrDescriptor
                0x080068e0       0x28 ./USB_DEVICE/App/usbd_desc.o
                0x080068e0                USBD_FS_ManufacturerStrDescriptor
 .text.USBD_FS_SerialStrDescriptor
                0x08006908       0x24 ./USB_DEVICE/App/usbd_desc.o
                0x08006908                USBD_FS_SerialStrDescriptor
 .text.USBD_FS_ConfigStrDescriptor
                0x0800692c       0x3c ./USB_DEVICE/App/usbd_desc.o
                0x0800692c                USBD_FS_ConfigStrDescriptor
 .text.USBD_FS_InterfaceStrDescriptor
                0x08006968       0x3c ./USB_DEVICE/App/usbd_desc.o
                0x08006968                USBD_FS_InterfaceStrDescriptor
 .text.Get_SerialNum
                0x080069a4       0x58 ./USB_DEVICE/App/usbd_desc.o
 .text.IntToUnicode
                0x080069fc       0x7c ./USB_DEVICE/App/usbd_desc.o
 .text.HAL_PCD_MspInit
                0x08006a78       0x4c ./USB_DEVICE/Target/usbd_conf.o
                0x08006a78                HAL_PCD_MspInit
 .text.HAL_PCD_SetupStageCallback
                0x08006ac4       0x24 ./USB_DEVICE/Target/usbd_conf.o
                0x08006ac4                HAL_PCD_SetupStageCallback
 .text.HAL_PCD_DataOutStageCallback
                0x08006ae8       0x36 ./USB_DEVICE/Target/usbd_conf.o
                0x08006ae8                HAL_PCD_DataOutStageCallback
 .text.HAL_PCD_DataInStageCallback
                0x08006b1e       0x34 ./USB_DEVICE/Target/usbd_conf.o
                0x08006b1e                HAL_PCD_DataInStageCallback
 .text.HAL_PCD_SOFCallback
                0x08006b52       0x1c ./USB_DEVICE/Target/usbd_conf.o
                0x08006b52                HAL_PCD_SOFCallback
 .text.HAL_PCD_ResetCallback
                0x08006b6e       0x3c ./USB_DEVICE/Target/usbd_conf.o
                0x08006b6e                HAL_PCD_ResetCallback
 *fill*         0x08006baa        0x2 
 .text.HAL_PCD_SuspendCallback
                0x08006bac       0x34 ./USB_DEVICE/Target/usbd_conf.o
                0x08006bac                HAL_PCD_SuspendCallback
 .text.HAL_PCD_ResumeCallback
                0x08006be0       0x1c ./USB_DEVICE/Target/usbd_conf.o
                0x08006be0                HAL_PCD_ResumeCallback
 .text.USBD_LL_Init
                0x08006bfc       0x90 ./USB_DEVICE/Target/usbd_conf.o
                0x08006bfc                USBD_LL_Init
 .text.USBD_LL_Start
                0x08006c8c       0x36 ./USB_DEVICE/Target/usbd_conf.o
                0x08006c8c                USBD_LL_Start
 .text.USBD_LL_OpenEP
                0x08006cc2       0x4c ./USB_DEVICE/Target/usbd_conf.o
                0x08006cc2                USBD_LL_OpenEP
 .text.USBD_LL_CloseEP
                0x08006d0e       0x3e ./USB_DEVICE/Target/usbd_conf.o
                0x08006d0e                USBD_LL_CloseEP
 .text.USBD_LL_StallEP
                0x08006d4c       0x3e ./USB_DEVICE/Target/usbd_conf.o
                0x08006d4c                USBD_LL_StallEP
 .text.USBD_LL_ClearStallEP
                0x08006d8a       0x3e ./USB_DEVICE/Target/usbd_conf.o
                0x08006d8a                USBD_LL_ClearStallEP
 .text.USBD_LL_IsStallEP
                0x08006dc8       0x58 ./USB_DEVICE/Target/usbd_conf.o
                0x08006dc8                USBD_LL_IsStallEP
 .text.USBD_LL_SetUSBAddress
                0x08006e20       0x3e ./USB_DEVICE/Target/usbd_conf.o
                0x08006e20                USBD_LL_SetUSBAddress
 .text.USBD_LL_Transmit
                0x08006e5e       0x46 ./USB_DEVICE/Target/usbd_conf.o
                0x08006e5e                USBD_LL_Transmit
 .text.USBD_LL_PrepareReceive
                0x08006ea4       0x46 ./USB_DEVICE/Target/usbd_conf.o
                0x08006ea4                USBD_LL_PrepareReceive
 *fill*         0x08006eea        0x2 
 .text.USBD_static_malloc
                0x08006eec       0x18 ./USB_DEVICE/Target/usbd_conf.o
                0x08006eec                USBD_static_malloc
 .text.USBD_static_free
                0x08006f04       0x12 ./USB_DEVICE/Target/usbd_conf.o
                0x08006f04                USBD_static_free
 .text.HAL_PCDEx_SetConnectionState
                0x08006f16       0x16 ./USB_DEVICE/Target/usbd_conf.o
                0x08006f16                HAL_PCDEx_SetConnectionState
 .text.USBD_Get_USB_Status
                0x08006f2c       0x58 ./USB_DEVICE/Target/usbd_conf.o
 .text.sprintf  0x08006f84       0x40 C:/ST/STM32CubeIDE_1.15.1/STM32CubeIDE/plugins/com.st.stm32cube.ide.mcu.externaltools.gnu-tools-for-stm32.12.3.rel1.win32_1.0.100.202403111256/tools/bin/../lib/gcc/arm-none-eabi/12.3.1/../../../../arm-none-eabi/lib/thumb/v7-m/nofp\libc_nano.a(libc_a-sprintf.o)
                0x08006f84                siprintf
                0x08006f84                sprintf
 .text.memset   0x08006fc4       0x10 C:/ST/STM32CubeIDE_1.15.1/STM32CubeIDE/plugins/com.st.stm32cube.ide.mcu.externaltools.gnu-tools-for-stm32.12.3.rel1.win32_1.0.100.202403111256/tools/bin/../lib/gcc/arm-none-eabi/12.3.1/../../../../arm-none-eabi/lib/thumb/v7-m/nofp\libc_nano.a(libc_a-memset.o)
                0x08006fc4                memset
 .text.__errno  0x08006fd4        0xc C:/ST/STM32CubeIDE_1.15.1/STM32CubeIDE/plugins/com.st.stm32cube.ide.mcu.externaltools.gnu-tools-for-stm32.12.3.rel1.win32_1.0.100.202403111256/tools/bin/../lib/gcc/arm-none-eabi/12.3.1/../../../../arm-none-eabi/lib/thumb/v7-m/nofp\libc_nano.a(libc_a-errno.o)
                0x08006fd4                __errno
 .text.__libc_init_array
                0x08006fe0       0x48 C:/ST/STM32CubeIDE_1.15.1/STM32CubeIDE/plugins/com.st.stm32cube.ide.mcu.externaltools.gnu-tools-for-stm32.12.3.rel1.win32_1.0.100.202403111256/tools/bin/../lib/gcc/arm-none-eabi/12.3.1/../../../../arm-none-eabi/lib/thumb/v7-m/nofp\libc_nano.a(libc_a-init.o)
                0x08006fe0                __libc_init_array
 .text.__retarget_lock_acquire_recursive
                0x08007028        0x2 C:/ST/STM32CubeIDE_1.15.1/STM32CubeIDE/plugins/com.st.stm32cube.ide.mcu.externaltools.gnu-tools-for-stm32.12.3.rel1.win32_1.0.100.202403111256/tools/bin/../lib/gcc/arm-none-eabi/12.3.1/../../../../arm-none-eabi/lib/thumb/v7-m/nofp\libc_nano.a(libc_a-lock.o)
                0x08007028                __retarget_lock_acquire_recursive
 .text.__retarget_lock_release_recursive
                0x0800702a        0x2 C:/ST/STM32CubeIDE_1.15.1/STM32CubeIDE/plugins/com.st.stm32cube.ide.mcu.externaltools.gnu-tools-for-stm32.12.3.rel1.win32_1.0.100.202403111256/tools/bin/../lib/gcc/arm-none-eabi/12.3.1/../../../../arm-none-eabi/lib/thumb/v7-m/nofp\libc_nano.a(libc_a-lock.o)
                0x0800702a                __retarget_lock_release_recursive
 .text._free_r  0x0800702c       0x90 C:/ST/STM32CubeIDE_1.15.1/STM32CubeIDE/plugins/com.st.stm32cube.ide.mcu.externaltools.gnu-tools-for-stm32.12.3.rel1.win32_1.0.100.202403111256/tools/bin/../lib/gcc/arm-none-eabi/12.3.1/../../../../arm-none-eabi/lib/thumb/v7-m/nofp\libc_nano.a(libc_a-freer.o)
                0x0800702c                _free_r
 .text.sbrk_aligned
                0x080070bc       0x44 C:/ST/STM32CubeIDE_1.15.1/STM32CubeIDE/plugins/com.st.stm32cube.ide.mcu.externaltools.gnu-tools-for-stm32.12.3.rel1.win32_1.0.100.202403111256/tools/bin/../lib/gcc/arm-none-eabi/12.3.1/../../../../arm-none-eabi/lib/thumb/v7-m/nofp\libc_nano.a(libc_a-mallocr.o)
 .text._malloc_r
                0x08007100      0x100 C:/ST/STM32CubeIDE_1.15.1/STM32CubeIDE/plugins/com.st.stm32cube.ide.mcu.externaltools.gnu-tools-for-stm32.12.3.rel1.win32_1.0.100.202403111256/tools/bin/../lib/gcc/arm-none-eabi/12.3.1/../../../../arm-none-eabi/lib/thumb/v7-m/nofp\libc_nano.a(libc_a-mallocr.o)
                0x08007100                _malloc_r
 .text.__malloc_lock
                0x08007200        0xc C:/ST/STM32CubeIDE_1.15.1/STM32CubeIDE/plugins/com.st.stm32cube.ide.mcu.externaltools.gnu-tools-for-stm32.12.3.rel1.win32_1.0.100.202403111256/tools/bin/../lib/gcc/arm-none-eabi/12.3.1/../../../../arm-none-eabi/lib/thumb/v7-m/nofp\libc_nano.a(libc_a-mlock.o)
                0x08007200                __malloc_lock
 .text.__malloc_unlock
                0x0800720c        0xc C:/ST/STM32CubeIDE_1.15.1/STM32CubeIDE/plugins/com.st.stm32cube.ide.mcu.externaltools.gnu-tools-for-stm32.12.3.rel1.win32_1.0.100.202403111256/tools/bin/../lib/gcc/arm-none-eabi/12.3.1/../../../../arm-none-eabi/lib/thumb/v7-m/nofp\libc_nano.a(libc_a-mlock.o)
                0x0800720c                __malloc_unlock
 .text.__ssputs_r
                0x08007218       0xb6 C:/ST/STM32CubeIDE_1.15.1/STM32CubeIDE/plugins/com.st.stm32cube.ide.mcu.externaltools.gnu-tools-for-stm32.12.3.rel1.win32_1.0.100.202403111256/tools/bin/../lib/gcc/arm-none-eabi/12.3.1/../../../../arm-none-eabi/lib/thumb/v7-m/nofp\libc_nano.a(libc_a-nano-svfprintf.o)
                0x08007218                __ssputs_r
 *fill*         0x080072ce        0x2 
 .text._svfprintf_r
                0x080072d0      0x1f8 C:/ST/STM32CubeIDE_1.15.1/STM32CubeIDE/plugins/com.st.stm32cube.ide.mcu.externaltools.gnu-tools-for-stm32.12.3.rel1.win32_1.0.100.202403111256/tools/bin/../lib/gcc/arm-none-eabi/12.3.1/../../../../arm-none-eabi/lib/thumb/v7-m/nofp\libc_nano.a(libc_a-nano-svfprintf.o)
                0x080072d0                _svfiprintf_r
                0x080072d0                _svfprintf_r
 .text._printf_common
                0x080074c8       0xe4 C:/ST/STM32CubeIDE_1.15.1/STM32CubeIDE/plugins/com.st.stm32cube.ide.mcu.externaltools.gnu-tools-for-stm32.12.3.rel1.win32_1.0.100.202403111256/tools/bin/../lib/gcc/arm-none-eabi/12.3.1/../../../../arm-none-eabi/lib/thumb/v7-m/nofp\libc_nano.a(libc_a-nano-vfprintf_i.o)
                0x080074c8                _printf_common
 .text._printf_i
                0x080075ac      0x240 C:/ST/STM32CubeIDE_1.15.1/STM32CubeIDE/plugins/com.st.stm32cube.ide.mcu.externaltools.gnu-tools-for-stm32.12.3.rel1.win32_1.0.100.202403111256/tools/bin/../lib/gcc/arm-none-eabi/12.3.1/../../../../arm-none-eabi/lib/thumb/v7-m/nofp\libc_nano.a(libc_a-nano-vfprintf_i.o)
                0x080075ac                _printf_i
 .text.memmove  0x080077ec       0x34 C:/ST/STM32CubeIDE_1.15.1/STM32CubeIDE/plugins/com.st.stm32cube.ide.mcu.externaltools.gnu-tools-for-stm32.12.3.rel1.win32_1.0.100.202403111256/tools/bin/../lib/gcc/arm-none-eabi/12.3.1/../../../../arm-none-eabi/lib/thumb/v7-m/nofp\libc_nano.a(libc_a-memmove.o)
                0x080077ec                memmove
 .text._sbrk_r  0x08007820       0x20 C:/ST/STM32CubeIDE_1.15.1/STM32CubeIDE/plugins/com.st.stm32cube.ide.mcu.externaltools.gnu-tools-for-stm32.12.3.rel1.win32_1.0.100.202403111256/tools/bin/../lib/gcc/arm-none-eabi/12.3.1/../../../../arm-none-eabi/lib/thumb/v7-m/nofp\libc_nano.a(libc_a-sbrkr.o)
                0x08007820                _sbrk_r
 .text.memchr   0x08007840       0x1c C:/ST/STM32CubeIDE_1.15.1/STM32CubeIDE/plugins/com.st.stm32cube.ide.mcu.externaltools.gnu-tools-for-stm32.12.3.rel1.win32_1.0.100.202403111256/tools/bin/../lib/gcc/arm-none-eabi/12.3.1/../../../../arm-none-eabi/lib/thumb/v7-m/nofp\libc_nano.a(libc_a-memchr-stub.o)
                0x08007840                memchr
 .text.memcpy   0x0800785c       0x1c C:/ST/STM32CubeIDE_1.15.1/STM32CubeIDE/plugins/com.st.stm32cube.ide.mcu.externaltools.gnu-tools-for-stm32.12.3.rel1.win32_1.0.100.202403111256/tools/bin/../lib/gcc/arm-none-eabi/12.3.1/../../../../arm-none-eabi/lib/thumb/v7-m/nofp\libc_nano.a(libc_a-memcpy-stub.o)
                0x0800785c                memcpy
 .text._realloc_r
                0x08007878       0x5c C:/ST/STM32CubeIDE_1.15.1/STM32CubeIDE/plugins/com.st.stm32cube.ide.mcu.externaltools.gnu-tools-for-stm32.12.3.rel1.win32_1.0.100.202403111256/tools/bin/../lib/gcc/arm-none-eabi/12.3.1/../../../../arm-none-eabi/lib/thumb/v7-m/nofp\libc_nano.a(libc_a-reallocr.o)
                0x08007878                _realloc_r
 .text._malloc_usable_size_r
                0x080078d4       0x10 C:/ST/STM32CubeIDE_1.15.1/STM32CubeIDE/plugins/com.st.stm32cube.ide.mcu.externaltools.gnu-tools-for-stm32.12.3.rel1.win32_1.0.100.202403111256/tools/bin/../lib/gcc/arm-none-eabi/12.3.1/../../../../arm-none-eabi/lib/thumb/v7-m/nofp\libc_nano.a(libc_a-msizer.o)
                0x080078d4                _malloc_usable_size_r
 *(.glue_7)
 .glue_7        0x080078e4        0x0 linker stubs
 *(.glue_7t)
 .glue_7t       0x080078e4        0x0 linker stubs
 *(.eh_frame)
 .eh_frame      0x080078e4        0x0 C:/ST/STM32CubeIDE_1.15.1/STM32CubeIDE/plugins/com.st.stm32cube.ide.mcu.externaltools.gnu-tools-for-stm32.12.3.rel1.win32_1.0.100.202403111256/tools/bin/../lib/gcc/arm-none-eabi/12.3.1/thumb/v7-m/nofp/crtbegin.o
 *(.init)
 .init          0x080078e4        0x4 C:/ST/STM32CubeIDE_1.15.1/STM32CubeIDE/plugins/com.st.stm32cube.ide.mcu.externaltools.gnu-tools-for-stm32.12.3.rel1.win32_1.0.100.202403111256/tools/bin/../lib/gcc/arm-none-eabi/12.3.1/thumb/v7-m/nofp/crti.o
                0x080078e4                _init
 .init          0x080078e8        0x8 C:/ST/STM32CubeIDE_1.15.1/STM32CubeIDE/plugins/com.st.stm32cube.ide.mcu.externaltools.gnu-tools-for-stm32.12.3.rel1.win32_1.0.100.202403111256/tools/bin/../lib/gcc/arm-none-eabi/12.3.1/thumb/v7-m/nofp/crtn.o
 *(.fini)
 .fini          0x080078f0        0x4 C:/ST/STM32CubeIDE_1.15.1/STM32CubeIDE/plugins/com.st.stm32cube.ide.mcu.externaltools.gnu-tools-for-stm32.12.3.rel1.win32_1.0.100.202403111256/tools/bin/../lib/gcc/arm-none-eabi/12.3.1/thumb/v7-m/nofp/crti.o
                0x080078f0                _fini
 .fini          0x080078f4        0x8 C:/ST/STM32CubeIDE_1.15.1/STM32CubeIDE/plugins/com.st.stm32cube.ide.mcu.externaltools.gnu-tools-for-stm32.12.3.rel1.win32_1.0.100.202403111256/tools/bin/../lib/gcc/arm-none-eabi/12.3.1/thumb/v7-m/nofp/crtn.o
                0x080078fc                        . = ALIGN (0x4)
                0x080078fc                        _etext = .

.vfp11_veneer   0x080078fc        0x0
 .vfp11_veneer  0x080078fc        0x0 linker stubs

.v4_bx          0x080078fc        0x0
 .v4_bx         0x080078fc        0x0 linker stubs

.iplt           0x080078fc        0x0
 .iplt          0x080078fc        0x0 C:/ST/STM32CubeIDE_1.15.1/STM32CubeIDE/plugins/com.st.stm32cube.ide.mcu.externaltools.gnu-tools-for-stm32.12.3.rel1.win32_1.0.100.202403111256/tools/bin/../lib/gcc/arm-none-eabi/12.3.1/thumb/v7-m/nofp/crtbegin.o

.rodata         0x080078fc       0xa8
                0x080078fc                        . = ALIGN (0x4)
 *(.rodata)
 .rodata        0x080078fc        0x8 ./Core/Src/main.o
 .rodata        0x08007904       0x46 ./USB_DEVICE/App/usbd_desc.o
 *(.rodata*)
 *fill*         0x0800794a        0x2 
 .rodata.AHBPrescTable
                0x0800794c       0x10 ./Core/Src/system_stm32f1xx.o
                0x0800794c                AHBPrescTable
 .rodata.aPLLMULFactorTable.1
                0x0800795c       0x10 ./Drivers/STM32F1xx_HAL_Driver/Src/stm32f1xx_hal_rcc.o
 .rodata.aPredivFactorTable.0
                0x0800796c        0x2 ./Drivers/STM32F1xx_HAL_Driver/Src/stm32f1xx_hal_rcc.o
 .rodata._svfprintf_r.str1.1
                0x0800796e       0x11 C:/ST/STM32CubeIDE_1.15.1/STM32CubeIDE/plugins/com.st.stm32cube.ide.mcu.externaltools.gnu-tools-for-stm32.12.3.rel1.win32_1.0.100.202403111256/tools/bin/../lib/gcc/arm-none-eabi/12.3.1/../../../../arm-none-eabi/lib/thumb/v7-m/nofp\libc_nano.a(libc_a-nano-svfprintf.o)
 .rodata._printf_i.str1.1
                0x0800797f       0x22 C:/ST/STM32CubeIDE_1.15.1/STM32CubeIDE/plugins/com.st.stm32cube.ide.mcu.externaltools.gnu-tools-for-stm32.12.3.rel1.win32_1.0.100.202403111256/tools/bin/../lib/gcc/arm-none-eabi/12.3.1/../../../../arm-none-eabi/lib/thumb/v7-m/nofp\libc_nano.a(libc_a-nano-vfprintf_i.o)
                0x080079a4                        . = ALIGN (0x4)
 *fill*         0x080079a1        0x3 

.ARM.extab      0x080079a4        0x0
                0x080079a4                        . = ALIGN (0x4)
 *(.ARM.extab* .gnu.linkonce.armextab.*)
                0x080079a4                        . = ALIGN (0x4)

.ARM            0x080079a4        0x8
                0x080079a4                        . = ALIGN (0x4)
                0x080079a4                        __exidx_start = .
 *(.ARM.exidx*)
 .ARM.exidx     0x080079a4        0x8 C:/ST/STM32CubeIDE_1.15.1/STM32CubeIDE/plugins/com.st.stm32cube.ide.mcu.externaltools.gnu-tools-for-stm32.12.3.rel1.win32_1.0.100.202403111256/tools/bin/../lib/gcc/arm-none-eabi/12.3.1/../../../../arm-none-eabi/lib/thumb/v7-m/nofp\libc_nano.a(libc_a-strlen.o)
                0x080079ac                        __exidx_end = .
                0x080079ac                        . = ALIGN (0x4)

.preinit_array  0x080079ac        0x0
                0x080079ac                        . = ALIGN (0x4)
                0x080079ac                        PROVIDE (__preinit_array_start = .)
 *(.preinit_array*)
                0x080079ac                        PROVIDE (__preinit_array_end = .)
                0x080079ac                        . = ALIGN (0x4)

.init_array     0x080079ac        0x4
                0x080079ac                        . = ALIGN (0x4)
                0x080079ac                        PROVIDE (__init_array_start = .)
 *(SORT_BY_NAME(.init_array.*))
 *(.init_array*)
 .init_array    0x080079ac        0x4 C:/ST/STM32CubeIDE_1.15.1/STM32CubeIDE/plugins/com.st.stm32cube.ide.mcu.externaltools.gnu-tools-for-stm32.12.3.rel1.win32_1.0.100.202403111256/tools/bin/../lib/gcc/arm-none-eabi/12.3.1/thumb/v7-m/nofp/crtbegin.o
                0x080079b0                        PROVIDE (__init_array_end = .)
                0x080079b0                        . = ALIGN (0x4)

.fini_array     0x080079b0        0x4
                0x080079b0                        . = ALIGN (0x4)
                [!provide]                        PROVIDE (__fini_array_start = .)
 *(SORT_BY_NAME(.fini_array.*))
 *(.fini_array*)
 .fini_array    0x080079b0        0x4 C:/ST/STM32CubeIDE_1.15.1/STM32CubeIDE/plugins/com.st.stm32cube.ide.mcu.externaltools.gnu-tools-for-stm32.12.3.rel1.win32_1.0.100.202403111256/tools/bin/../lib/gcc/arm-none-eabi/12.3.1/thumb/v7-m/nofp/crtbegin.o
                [!provide]                        PROVIDE (__fini_array_end = .)
                0x080079b4                        . = ALIGN (0x4)
                0x080079b4                        _sidata = LOADADDR (.data)

.rel.dyn        0x080079b4        0x0
 .rel.iplt      0x080079b4        0x0 C:/ST/STM32CubeIDE_1.15.1/STM32CubeIDE/plugins/com.st.stm32cube.ide.mcu.externaltools.gnu-tools-for-stm32.12.3.rel1.win32_1.0.100.202403111256/tools/bin/../lib/gcc/arm-none-eabi/12.3.1/thumb/v7-m/nofp/crtbegin.o

.data           0x20000000      0x1b4 load address 0x080079b4
                0x20000000                        . = ALIGN (0x4)
                0x20000000                        _sdata = .
 *(.data)
 *(.data*)
 .data.SystemCoreClock
                0x20000000        0x4 ./Core/Src/system_stm32f1xx.o
                0x20000000                SystemCoreClock
 .data.uwTickPrio
                0x20000004        0x4 ./Drivers/STM32F1xx_HAL_Driver/Src/stm32f1xx_hal.o
                0x20000004                uwTickPrio
 .data.uwTickFreq
                0x20000008        0x1 ./Drivers/STM32F1xx_HAL_Driver/Src/stm32f1xx_hal.o
                0x20000008                uwTickFreq
 *fill*         0x20000009        0x3 
 .data.USBD_HID
                0x2000000c       0x38 ./Middlewares/ST/STM32_USB_Device_Library/Class/HID/Src/usbd_hid.o
                0x2000000c                USBD_HID
 .data.USBD_HID_CfgFSDesc
                0x20000044       0x22 ./Middlewares/ST/STM32_USB_Device_Library/Class/HID/Src/usbd_hid.o
 *fill*         0x20000066        0x2 
 .data.USBD_HID_CfgHSDesc
                0x20000068       0x22 ./Middlewares/ST/STM32_USB_Device_Library/Class/HID/Src/usbd_hid.o
 *fill*         0x2000008a        0x2 
 .data.USBD_HID_OtherSpeedCfgDesc
                0x2000008c       0x22 ./Middlewares/ST/STM32_USB_Device_Library/Class/HID/Src/usbd_hid.o
 *fill*         0x200000ae        0x2 
 .data.USBD_HID_Desc
                0x200000b0        0x9 ./Middlewares/ST/STM32_USB_Device_Library/Class/HID/Src/usbd_hid.o
 *fill*         0x200000b9        0x3 
 .data.USBD_HID_DeviceQualifierDesc
                0x200000bc        0xa ./Middlewares/ST/STM32_USB_Device_Library/Class/HID/Src/usbd_hid.o
 *fill*         0x200000c6        0x2 
 .data.HID_MOUSE_ReportDesc
                0x200000c8       0x4a ./Middlewares/ST/STM32_USB_Device_Library/Class/HID/Src/usbd_hid.o
 *fill*         0x20000112        0x2 
 .data.FS_Desc  0x20000114       0x1c ./USB_DEVICE/App/usbd_desc.o
                0x20000114                FS_Desc
 .data.USBD_FS_DeviceDesc
                0x20000130       0x12 ./USB_DEVICE/App/usbd_desc.o
                0x20000130                USBD_FS_DeviceDesc
 *fill*         0x20000142        0x2 
 .data.USBD_LangIDDesc
                0x20000144        0x4 ./USB_DEVICE/App/usbd_desc.o
                0x20000144                USBD_LangIDDesc
 .data.USBD_StringSerial
                0x20000148       0x1a ./USB_DEVICE/App/usbd_desc.o
                0x20000148                USBD_StringSerial
 *fill*         0x20000162        0x2 
 .data._impure_ptr
                0x20000164        0x4 C:/ST/STM32CubeIDE_1.15.1/STM32CubeIDE/plugins/com.st.stm32cube.ide.mcu.externaltools.gnu-tools-for-stm32.12.3.rel1.win32_1.0.100.202403111256/tools/bin/../lib/gcc/arm-none-eabi/12.3.1/../../../../arm-none-eabi/lib/thumb/v7-m/nofp\libc_nano.a(libc_a-impure.o)
                0x20000164                _impure_ptr
 .data._impure_data
                0x20000168       0x4c C:/ST/STM32CubeIDE_1.15.1/STM32CubeIDE/plugins/com.st.stm32cube.ide.mcu.externaltools.gnu-tools-for-stm32.12.3.rel1.win32_1.0.100.202403111256/tools/bin/../lib/gcc/arm-none-eabi/12.3.1/../../../../arm-none-eabi/lib/thumb/v7-m/nofp\libc_nano.a(libc_a-impure.o)
                0x20000168                _impure_data
 *(.RamFunc)
 *(.RamFunc*)
                0x200001b4                        . = ALIGN (0x4)
                0x200001b4                        _edata = .

.igot.plt       0x200001b4        0x0 load address 0x08007b68
 .igot.plt      0x200001b4        0x0 C:/ST/STM32CubeIDE_1.15.1/STM32CubeIDE/plugins/com.st.stm32cube.ide.mcu.externaltools.gnu-tools-for-stm32.12.3.rel1.win32_1.0.100.202403111256/tools/bin/../lib/gcc/arm-none-eabi/12.3.1/thumb/v7-m/nofp/crtbegin.o
                0x200001b4                        . = ALIGN (0x4)

.bss            0x200001b4      0x9a4 load address 0x08007b68
                0x200001b4                        _sbss = .
                0x200001b4                        __bss_start__ = _sbss
 *(.bss)
 .bss           0x200001b4       0x1c C:/ST/STM32CubeIDE_1.15.1/STM32CubeIDE/plugins/com.st.stm32cube.ide.mcu.externaltools.gnu-tools-for-stm32.12.3.rel1.win32_1.0.100.202403111256/tools/bin/../lib/gcc/arm-none-eabi/12.3.1/thumb/v7-m/nofp/crtbegin.o
 *(.bss*)
 .bss.msg_buff  0x200001d0       0x64 ./Core/Src/main.o
                0x200001d0                msg_buff
 .bss.keyBoardHIDsub
                0x20000234        0x8 ./Core/Src/main.o
                0x20000234                keyBoardHIDsub
 .bss.__sbrk_heap_end
                0x2000023c        0x4 ./Core/Src/sysmem.o
 .bss.uwTick    0x20000240        0x4 ./Drivers/STM32F1xx_HAL_Driver/Src/stm32f1xx_hal.o
                0x20000240                uwTick
 .bss.cfgidx.0  0x20000244        0x1 ./Middlewares/ST/STM32_USB_Device_Library/Core/Src/usbd_ctlreq.o
 *fill*         0x20000245        0x3 
 .bss.hUsbDeviceFS
                0x20000248      0x2c4 ./USB_DEVICE/App/usb_device.o
                0x20000248                hUsbDeviceFS
 .bss.USBD_StrDesc
                0x2000050c      0x200 ./USB_DEVICE/App/usbd_desc.o
                0x2000050c                USBD_StrDesc
 .bss.hpcd_USB_FS
                0x2000070c      0x2f0 ./USB_DEVICE/Target/usbd_conf.o
                0x2000070c                hpcd_USB_FS
 .bss.mem.0     0x200009fc       0x14 ./USB_DEVICE/Target/usbd_conf.o
 .bss.__sf      0x20000a10      0x138 C:/ST/STM32CubeIDE_1.15.1/STM32CubeIDE/plugins/com.st.stm32cube.ide.mcu.externaltools.gnu-tools-for-stm32.12.3.rel1.win32_1.0.100.202403111256/tools/bin/../lib/gcc/arm-none-eabi/12.3.1/../../../../arm-none-eabi/lib/thumb/v7-m/nofp\libc_nano.a(libc_a-findfp.o)
                0x20000a10                __sf
 .bss.errno     0x20000b48        0x4 C:/ST/STM32CubeIDE_1.15.1/STM32CubeIDE/plugins/com.st.stm32cube.ide.mcu.externaltools.gnu-tools-for-stm32.12.3.rel1.win32_1.0.100.202403111256/tools/bin/../lib/gcc/arm-none-eabi/12.3.1/../../../../arm-none-eabi/lib/thumb/v7-m/nofp\libc_nano.a(libc_a-reent.o)
                0x20000b48                errno
 .bss.__lock___malloc_recursive_mutex
                0x20000b4c        0x1 C:/ST/STM32CubeIDE_1.15.1/STM32CubeIDE/plugins/com.st.stm32cube.ide.mcu.externaltools.gnu-tools-for-stm32.12.3.rel1.win32_1.0.100.202403111256/tools/bin/../lib/gcc/arm-none-eabi/12.3.1/../../../../arm-none-eabi/lib/thumb/v7-m/nofp\libc_nano.a(libc_a-lock.o)
                0x20000b4c                __lock___malloc_recursive_mutex
 *fill*         0x20000b4d        0x3 
 .bss.__malloc_sbrk_start
                0x20000b50        0x4 C:/ST/STM32CubeIDE_1.15.1/STM32CubeIDE/plugins/com.st.stm32cube.ide.mcu.externaltools.gnu-tools-for-stm32.12.3.rel1.win32_1.0.100.202403111256/tools/bin/../lib/gcc/arm-none-eabi/12.3.1/../../../../arm-none-eabi/lib/thumb/v7-m/nofp\libc_nano.a(libc_a-mallocr.o)
                0x20000b50                __malloc_sbrk_start
 .bss.__malloc_free_list
                0x20000b54        0x4 C:/ST/STM32CubeIDE_1.15.1/STM32CubeIDE/plugins/com.st.stm32cube.ide.mcu.externaltools.gnu-tools-for-stm32.12.3.rel1.win32_1.0.100.202403111256/tools/bin/../lib/gcc/arm-none-eabi/12.3.1/../../../../arm-none-eabi/lib/thumb/v7-m/nofp\libc_nano.a(libc_a-mallocr.o)
                0x20000b54                __malloc_free_list
 *(COMMON)
                0x20000b58                        . = ALIGN (0x4)
                0x20000b58                        _ebss = .
                0x20000b58                        __bss_end__ = _ebss

._user_heap_stack
                0x20000b58      0x600 load address 0x08007b68
                0x20000b58                        . = ALIGN (0x8)
                [!provide]                        PROVIDE (end = .)
                0x20000b58                        PROVIDE (_end = .)
                0x20000d58                        . = (. + _Min_Heap_Size)
 *fill*         0x20000b58      0x200 
                0x20001158                        . = (. + _Min_Stack_Size)
 *fill*         0x20000d58      0x400 
                0x20001158                        . = ALIGN (0x8)

/DISCARD/
 libc.a(*)
 libm.a(*)
 libgcc.a(*)

.ARM.attributes
                0x00000000       0x29
 *(.ARM.attributes)
 .ARM.attributes
                0x00000000       0x1d C:/ST/STM32CubeIDE_1.15.1/STM32CubeIDE/plugins/com.st.stm32cube.ide.mcu.externaltools.gnu-tools-for-stm32.12.3.rel1.win32_1.0.100.202403111256/tools/bin/../lib/gcc/arm-none-eabi/12.3.1/thumb/v7-m/nofp/crti.o
 .ARM.attributes
                0x0000001d       0x2d C:/ST/STM32CubeIDE_1.15.1/STM32CubeIDE/plugins/com.st.stm32cube.ide.mcu.externaltools.gnu-tools-for-stm32.12.3.rel1.win32_1.0.100.202403111256/tools/bin/../lib/gcc/arm-none-eabi/12.3.1/thumb/v7-m/nofp/crtbegin.o
 .ARM.attributes
                0x0000004a       0x2d ./Core/Src/main.o
 .ARM.attributes
                0x00000077       0x2d ./Core/Src/stm32f1xx_hal_msp.o
 .ARM.attributes
                0x000000a4       0x2d ./Core/Src/stm32f1xx_it.o
 .ARM.attributes
                0x000000d1       0x2d ./Core/Src/sysmem.o
 .ARM.attributes
                0x000000fe       0x2d ./Core/Src/system_stm32f1xx.o
 .ARM.attributes
                0x0000012b       0x21 ./Core/Startup/startup_stm32f103c8tx.o
 .ARM.attributes
                0x0000014c       0x2d ./Drivers/STM32F1xx_HAL_Driver/Src/stm32f1xx_hal.o
 .ARM.attributes
                0x00000179       0x2d ./Drivers/STM32F1xx_HAL_Driver/Src/stm32f1xx_hal_cortex.o
 .ARM.attributes
                0x000001a6       0x2d ./Drivers/STM32F1xx_HAL_Driver/Src/stm32f1xx_hal_pcd.o
 .ARM.attributes
                0x000001d3       0x2d ./Drivers/STM32F1xx_HAL_Driver/Src/stm32f1xx_hal_pcd_ex.o
 .ARM.attributes
                0x00000200       0x2d ./Drivers/STM32F1xx_HAL_Driver/Src/stm32f1xx_hal_rcc.o
 .ARM.attributes
                0x0000022d       0x2d ./Drivers/STM32F1xx_HAL_Driver/Src/stm32f1xx_hal_rcc_ex.o
 .ARM.attributes
                0x0000025a       0x2d ./Drivers/STM32F1xx_HAL_Driver/Src/stm32f1xx_ll_usb.o
 .ARM.attributes
                0x00000287       0x2d ./Middlewares/ST/STM32_USB_Device_Library/Class/HID/Src/usbd_hid.o
 .ARM.attributes
                0x000002b4       0x2d ./Middlewares/ST/STM32_USB_Device_Library/Core/Src/usbd_core.o
 .ARM.attributes
                0x000002e1       0x2d ./Middlewares/ST/STM32_USB_Device_Library/Core/Src/usbd_ctlreq.o
 .ARM.attributes
                0x0000030e       0x2d ./Middlewares/ST/STM32_USB_Device_Library/Core/Src/usbd_ioreq.o
 .ARM.attributes
                0x0000033b       0x2d ./USB_DEVICE/App/usb_device.o
 .ARM.attributes
                0x00000368       0x2d ./USB_DEVICE/App/usbd_desc.o
 .ARM.attributes
                0x00000395       0x2d ./USB_DEVICE/Target/usbd_conf.o
 .ARM.attributes
                0x000003c2       0x2d C:/ST/STM32CubeIDE_1.15.1/STM32CubeIDE/plugins/com.st.stm32cube.ide.mcu.externaltools.gnu-tools-for-stm32.12.3.rel1.win32_1.0.100.202403111256/tools/bin/../lib/gcc/arm-none-eabi/12.3.1/../../../../arm-none-eabi/lib/thumb/v7-m/nofp\libc_nano.a(libc_a-findfp.o)
 .ARM.attributes
                0x000003ef       0x2d C:/ST/STM32CubeIDE_1.15.1/STM32CubeIDE/plugins/com.st.stm32cube.ide.mcu.externaltools.gnu-tools-for-stm32.12.3.rel1.win32_1.0.100.202403111256/tools/bin/../lib/gcc/arm-none-eabi/12.3.1/../../../../arm-none-eabi/lib/thumb/v7-m/nofp\libc_nano.a(libc_a-sprintf.o)
 .ARM.attributes
                0x0000041c       0x2d C:/ST/STM32CubeIDE_1.15.1/STM32CubeIDE/plugins/com.st.stm32cube.ide.mcu.externaltools.gnu-tools-for-stm32.12.3.rel1.win32_1.0.100.202403111256/tools/bin/../lib/gcc/arm-none-eabi/12.3.1/../../../../arm-none-eabi/lib/thumb/v7-m/nofp\libc_nano.a(libc_a-memset.o)
 .ARM.attributes
                0x00000449       0x2d C:/ST/STM32CubeIDE_1.15.1/STM32CubeIDE/plugins/com.st.stm32cube.ide.mcu.externaltools.gnu-tools-for-stm32.12.3.rel1.win32_1.0.100.202403111256/tools/bin/../lib/gcc/arm-none-eabi/12.3.1/../../../../arm-none-eabi/lib/thumb/v7-m/nofp\libc_nano.a(libc_a-reent.o)
 .ARM.attributes
                0x00000476       0x2d C:/ST/STM32CubeIDE_1.15.1/STM32CubeIDE/plugins/com.st.stm32cube.ide.mcu.externaltools.gnu-tools-for-stm32.12.3.rel1.win32_1.0.100.202403111256/tools/bin/../lib/gcc/arm-none-eabi/12.3.1/../../../../arm-none-eabi/lib/thumb/v7-m/nofp\libc_nano.a(libc_a-impure.o)
 .ARM.attributes
                0x000004a3       0x2d C:/ST/STM32CubeIDE_1.15.1/STM32CubeIDE/plugins/com.st.stm32cube.ide.mcu.externaltools.gnu-tools-for-stm32.12.3.rel1.win32_1.0.100.202403111256/tools/bin/../lib/gcc/arm-none-eabi/12.3.1/../../../../arm-none-eabi/lib/thumb/v7-m/nofp\libc_nano.a(libc_a-errno.o)
 .ARM.attributes
                0x000004d0       0x2d C:/ST/STM32CubeIDE_1.15.1/STM32CubeIDE/plugins/com.st.stm32cube.ide.mcu.externaltools.gnu-tools-for-stm32.12.3.rel1.win32_1.0.100.202403111256/tools/bin/../lib/gcc/arm-none-eabi/12.3.1/../../../../arm-none-eabi/lib/thumb/v7-m/nofp\libc_nano.a(libc_a-init.o)
 .ARM.attributes
                0x000004fd       0x2d C:/ST/STM32CubeIDE_1.15.1/STM32CubeIDE/plugins/com.st.stm32cube.ide.mcu.externaltools.gnu-tools-for-stm32.12.3.rel1.win32_1.0.100.202403111256/tools/bin/../lib/gcc/arm-none-eabi/12.3.1/../../../../arm-none-eabi/lib/thumb/v7-m/nofp\libc_nano.a(libc_a-lock.o)
 .ARM.attributes
                0x0000052a       0x17 C:/ST/STM32CubeIDE_1.15.1/STM32CubeIDE/plugins/com.st.stm32cube.ide.mcu.externaltools.gnu-tools-for-stm32.12.3.rel1.win32_1.0.100.202403111256/tools/bin/../lib/gcc/arm-none-eabi/12.3.1/../../../../arm-none-eabi/lib/thumb/v7-m/nofp\libc_nano.a(libc_a-strlen.o)
 .ARM.attributes
                0x00000541       0x2d C:/ST/STM32CubeIDE_1.15.1/STM32CubeIDE/plugins/com.st.stm32cube.ide.mcu.externaltools.gnu-tools-for-stm32.12.3.rel1.win32_1.0.100.202403111256/tools/bin/../lib/gcc/arm-none-eabi/12.3.1/../../../../arm-none-eabi/lib/thumb/v7-m/nofp\libc_nano.a(libc_a-freer.o)
 .ARM.attributes
                0x0000056e       0x2d C:/ST/STM32CubeIDE_1.15.1/STM32CubeIDE/plugins/com.st.stm32cube.ide.mcu.externaltools.gnu-tools-for-stm32.12.3.rel1.win32_1.0.100.202403111256/tools/bin/../lib/gcc/arm-none-eabi/12.3.1/../../../../arm-none-eabi/lib/thumb/v7-m/nofp\libc_nano.a(libc_a-mallocr.o)
 .ARM.attributes
                0x0000059b       0x2d C:/ST/STM32CubeIDE_1.15.1/STM32CubeIDE/plugins/com.st.stm32cube.ide.mcu.externaltools.gnu-tools-for-stm32.12.3.rel1.win32_1.0.100.202403111256/tools/bin/../lib/gcc/arm-none-eabi/12.3.1/../../../../arm-none-eabi/lib/thumb/v7-m/nofp\libc_nano.a(libc_a-mlock.o)
 .ARM.attributes
                0x000005c8       0x2d C:/ST/STM32CubeIDE_1.15.1/STM32CubeIDE/plugins/com.st.stm32cube.ide.mcu.externaltools.gnu-tools-for-stm32.12.3.rel1.win32_1.0.100.202403111256/tools/bin/../lib/gcc/arm-none-eabi/12.3.1/../../../../arm-none-eabi/lib/thumb/v7-m/nofp\libc_nano.a(libc_a-nano-svfprintf.o)
 .ARM.attributes
                0x000005f5       0x2d C:/ST/STM32CubeIDE_1.15.1/STM32CubeIDE/plugins/com.st.stm32cube.ide.mcu.externaltools.gnu-tools-for-stm32.12.3.rel1.win32_1.0.100.202403111256/tools/bin/../lib/gcc/arm-none-eabi/12.3.1/../../../../arm-none-eabi/lib/thumb/v7-m/nofp\libc_nano.a(libc_a-nano-vfprintf_i.o)
 .ARM.attributes
                0x00000622       0x2d C:/ST/STM32CubeIDE_1.15.1/STM32CubeIDE/plugins/com.st.stm32cube.ide.mcu.externaltools.gnu-tools-for-stm32.12.3.rel1.win32_1.0.100.202403111256/tools/bin/../lib/gcc/arm-none-eabi/12.3.1/../../../../arm-none-eabi/lib/thumb/v7-m/nofp\libc_nano.a(libc_a-memmove.o)
 .ARM.attributes
                0x0000064f       0x2d C:/ST/STM32CubeIDE_1.15.1/STM32CubeIDE/plugins/com.st.stm32cube.ide.mcu.externaltools.gnu-tools-for-stm32.12.3.rel1.win32_1.0.100.202403111256/tools/bin/../lib/gcc/arm-none-eabi/12.3.1/../../../../arm-none-eabi/lib/thumb/v7-m/nofp\libc_nano.a(libc_a-sbrkr.o)
 .ARM.attributes
                0x0000067c       0x2d C:/ST/STM32CubeIDE_1.15.1/STM32CubeIDE/plugins/com.st.stm32cube.ide.mcu.externaltools.gnu-tools-for-stm32.12.3.rel1.win32_1.0.100.202403111256/tools/bin/../lib/gcc/arm-none-eabi/12.3.1/../../../../arm-none-eabi/lib/thumb/v7-m/nofp\libc_nano.a(libc_a-memchr-stub.o)
 .ARM.attributes
                0x000006a9       0x2d C:/ST/STM32CubeIDE_1.15.1/STM32CubeIDE/plugins/com.st.stm32cube.ide.mcu.externaltools.gnu-tools-for-stm32.12.3.rel1.win32_1.0.100.202403111256/tools/bin/../lib/gcc/arm-none-eabi/12.3.1/../../../../arm-none-eabi/lib/thumb/v7-m/nofp\libc_nano.a(libc_a-memcpy-stub.o)
 .ARM.attributes
                0x000006d6       0x2d C:/ST/STM32CubeIDE_1.15.1/STM32CubeIDE/plugins/com.st.stm32cube.ide.mcu.externaltools.gnu-tools-for-stm32.12.3.rel1.win32_1.0.100.202403111256/tools/bin/../lib/gcc/arm-none-eabi/12.3.1/../../../../arm-none-eabi/lib/thumb/v7-m/nofp\libc_nano.a(libc_a-reallocr.o)
 .ARM.attributes
                0x00000703       0x2d C:/ST/STM32CubeIDE_1.15.1/STM32CubeIDE/plugins/com.st.stm32cube.ide.mcu.externaltools.gnu-tools-for-stm32.12.3.rel1.win32_1.0.100.202403111256/tools/bin/../lib/gcc/arm-none-eabi/12.3.1/../../../../arm-none-eabi/lib/thumb/v7-m/nofp\libc_nano.a(libc_a-msizer.o)
 .ARM.attributes
                0x00000730       0x1d C:/ST/STM32CubeIDE_1.15.1/STM32CubeIDE/plugins/com.st.stm32cube.ide.mcu.externaltools.gnu-tools-for-stm32.12.3.rel1.win32_1.0.100.202403111256/tools/bin/../lib/gcc/arm-none-eabi/12.3.1/thumb/v7-m/nofp/crtn.o
OUTPUT(HID_KB.elf elf32-littlearm)
LOAD linker stubs
LOAD C:/ST/STM32CubeIDE_1.15.1/STM32CubeIDE/plugins/com.st.stm32cube.ide.mcu.externaltools.gnu-tools-for-stm32.12.3.rel1.win32_1.0.100.202403111256/tools/bin/../lib/gcc/arm-none-eabi/12.3.1/../../../../arm-none-eabi/lib/thumb/v7-m/nofp\libc.a
LOAD C:/ST/STM32CubeIDE_1.15.1/STM32CubeIDE/plugins/com.st.stm32cube.ide.mcu.externaltools.gnu-tools-for-stm32.12.3.rel1.win32_1.0.100.202403111256/tools/bin/../lib/gcc/arm-none-eabi/12.3.1/../../../../arm-none-eabi/lib/thumb/v7-m/nofp\libm.a
LOAD C:/ST/STM32CubeIDE_1.15.1/STM32CubeIDE/plugins/com.st.stm32cube.ide.mcu.externaltools.gnu-tools-for-stm32.12.3.rel1.win32_1.0.100.202403111256/tools/bin/../lib/gcc/arm-none-eabi/12.3.1/thumb/v7-m/nofp\libgcc.a

.debug_info     0x00000000     0xac7c
 .debug_info    0x00000000      0x995 ./Core/Src/main.o
 .debug_info    0x00000995      0x1f1 ./Core/Src/stm32f1xx_hal_msp.o
 .debug_info    0x00000b86      0x5f5 ./Core/Src/stm32f1xx_it.o
 .debug_info    0x0000117b      0x168 ./Core/Src/sysmem.o
 .debug_info    0x000012e3      0x222 ./Core/Src/system_stm32f1xx.o
 .debug_info    0x00001505       0x30 ./Core/Startup/startup_stm32f103c8tx.o
 .debug_info    0x00001535      0x704 ./Drivers/STM32F1xx_HAL_Driver/Src/stm32f1xx_hal.o
 .debug_info    0x00001c39      0xa87 ./Drivers/STM32F1xx_HAL_Driver/Src/stm32f1xx_hal_cortex.o
 .debug_info    0x000026c0     0x16cf ./Drivers/STM32F1xx_HAL_Driver/Src/stm32f1xx_hal_pcd.o
 .debug_info    0x00003d8f      0x6b6 ./Drivers/STM32F1xx_HAL_Driver/Src/stm32f1xx_hal_pcd_ex.o
 .debug_info    0x00004445      0x7d5 ./Drivers/STM32F1xx_HAL_Driver/Src/stm32f1xx_hal_rcc.o
 .debug_info    0x00004c1a      0x3c0 ./Drivers/STM32F1xx_HAL_Driver/Src/stm32f1xx_hal_rcc_ex.o
 .debug_info    0x00004fda     0x17a2 ./Drivers/STM32F1xx_HAL_Driver/Src/stm32f1xx_ll_usb.o
 .debug_info    0x0000677c      0x927 ./Middlewares/ST/STM32_USB_Device_Library/Class/HID/Src/usbd_hid.o
 .debug_info    0x000070a3      0xa52 ./Middlewares/ST/STM32_USB_Device_Library/Core/Src/usbd_core.o
 .debug_info    0x00007af5      0x91c ./Middlewares/ST/STM32_USB_Device_Library/Core/Src/usbd_ctlreq.o
 .debug_info    0x00008411      0x6a0 ./Middlewares/ST/STM32_USB_Device_Library/Core/Src/usbd_ioreq.o
 .debug_info    0x00008ab1      0x53a ./USB_DEVICE/App/usb_device.o
 .debug_info    0x00008feb      0x44a ./USB_DEVICE/App/usbd_desc.o
 .debug_info    0x00009435     0x1847 ./USB_DEVICE/Target/usbd_conf.o

.debug_abbrev   0x00000000     0x2607
 .debug_abbrev  0x00000000      0x2bb ./Core/Src/main.o
 .debug_abbrev  0x000002bb       0xdb ./Core/Src/stm32f1xx_hal_msp.o
 .debug_abbrev  0x00000396      0x192 ./Core/Src/stm32f1xx_it.o
 .debug_abbrev  0x00000528       0xbc ./Core/Src/sysmem.o
 .debug_abbrev  0x000005e4      0x13f ./Core/Src/system_stm32f1xx.o
 .debug_abbrev  0x00000723       0x24 ./Core/Startup/startup_stm32f103c8tx.o
 .debug_abbrev  0x00000747      0x201 ./Drivers/STM32F1xx_HAL_Driver/Src/stm32f1xx_hal.o
 .debug_abbrev  0x00000948      0x2f8 ./Drivers/STM32F1xx_HAL_Driver/Src/stm32f1xx_hal_cortex.o
 .debug_abbrev  0x00000c40      0x2d6 ./Drivers/STM32F1xx_HAL_Driver/Src/stm32f1xx_hal_pcd.o
 .debug_abbrev  0x00000f16      0x189 ./Drivers/STM32F1xx_HAL_Driver/Src/stm32f1xx_hal_pcd_ex.o
 .debug_abbrev  0x0000109f      0x2b3 ./Drivers/STM32F1xx_HAL_Driver/Src/stm32f1xx_hal_rcc.o
 .debug_abbrev  0x00001352      0x188 ./Drivers/STM32F1xx_HAL_Driver/Src/stm32f1xx_hal_rcc_ex.o
 .debug_abbrev  0x000014da      0x1de ./Drivers/STM32F1xx_HAL_Driver/Src/stm32f1xx_ll_usb.o
 .debug_abbrev  0x000016b8      0x26b ./Middlewares/ST/STM32_USB_Device_Library/Class/HID/Src/usbd_hid.o
 .debug_abbrev  0x00001923      0x24a ./Middlewares/ST/STM32_USB_Device_Library/Core/Src/usbd_core.o
 .debug_abbrev  0x00001b6d      0x26b ./Middlewares/ST/STM32_USB_Device_Library/Core/Src/usbd_ctlreq.o
 .debug_abbrev  0x00001dd8      0x192 ./Middlewares/ST/STM32_USB_Device_Library/Core/Src/usbd_ioreq.o
 .debug_abbrev  0x00001f6a      0x188 ./USB_DEVICE/App/usb_device.o
 .debug_abbrev  0x000020f2      0x1ff ./USB_DEVICE/App/usbd_desc.o
 .debug_abbrev  0x000022f1      0x316 ./USB_DEVICE/Target/usbd_conf.o

.debug_aranges  0x00000000      0x9d8
 .debug_aranges
                0x00000000       0x40 ./Core/Src/main.o
 .debug_aranges
                0x00000040       0x20 ./Core/Src/stm32f1xx_hal_msp.o
 .debug_aranges
                0x00000060       0x68 ./Core/Src/stm32f1xx_it.o
 .debug_aranges
                0x000000c8       0x20 ./Core/Src/sysmem.o
 .debug_aranges
                0x000000e8       0x28 ./Core/Src/system_stm32f1xx.o
 .debug_aranges
                0x00000110       0x28 ./Core/Startup/startup_stm32f103c8tx.o
 .debug_aranges
                0x00000138       0xe0 ./Drivers/STM32F1xx_HAL_Driver/Src/stm32f1xx_hal.o
 .debug_aranges
                0x00000218      0x100 ./Drivers/STM32F1xx_HAL_Driver/Src/stm32f1xx_hal_cortex.o
 .debug_aranges
                0x00000318      0x140 ./Drivers/STM32F1xx_HAL_Driver/Src/stm32f1xx_hal_pcd.o
 .debug_aranges
                0x00000458       0x38 ./Drivers/STM32F1xx_HAL_Driver/Src/stm32f1xx_hal_pcd_ex.o
 .debug_aranges
                0x00000490       0x90 ./Drivers/STM32F1xx_HAL_Driver/Src/stm32f1xx_hal_rcc.o
 .debug_aranges
                0x00000520       0x30 ./Drivers/STM32F1xx_HAL_Driver/Src/stm32f1xx_hal_rcc_ex.o
 .debug_aranges
                0x00000550       0xf8 ./Drivers/STM32F1xx_HAL_Driver/Src/stm32f1xx_ll_usb.o
 .debug_aranges
                0x00000648       0x68 ./Middlewares/ST/STM32_USB_Device_Library/Class/HID/Src/usbd_hid.o
 .debug_aranges
                0x000006b0       0xb8 ./Middlewares/ST/STM32_USB_Device_Library/Core/Src/usbd_core.o
 .debug_aranges
                0x00000768       0x88 ./Middlewares/ST/STM32_USB_Device_Library/Core/Src/usbd_ctlreq.o
 .debug_aranges
                0x000007f0       0x50 ./Middlewares/ST/STM32_USB_Device_Library/Core/Src/usbd_ioreq.o
 .debug_aranges
                0x00000840       0x20 ./USB_DEVICE/App/usb_device.o
 .debug_aranges
                0x00000860       0x60 ./USB_DEVICE/App/usbd_desc.o
 .debug_aranges
                0x000008c0      0x118 ./USB_DEVICE/Target/usbd_conf.o

.debug_rnglists
                0x00000000      0x727
 .debug_rnglists
                0x00000000       0x2d ./Core/Src/main.o
 .debug_rnglists
                0x0000002d       0x13 ./Core/Src/stm32f1xx_hal_msp.o
 .debug_rnglists
                0x00000040       0x49 ./Core/Src/stm32f1xx_it.o
 .debug_rnglists
                0x00000089       0x13 ./Core/Src/sysmem.o
 .debug_rnglists
                0x0000009c       0x1a ./Core/Src/system_stm32f1xx.o
 .debug_rnglists
                0x000000b6       0x19 ./Core/Startup/startup_stm32f103c8tx.o
 .debug_rnglists
                0x000000cf       0xa3 ./Drivers/STM32F1xx_HAL_Driver/Src/stm32f1xx_hal.o
 .debug_rnglists
                0x00000172       0xbb ./Drivers/STM32F1xx_HAL_Driver/Src/stm32f1xx_hal_cortex.o
 .debug_rnglists
                0x0000022d       0xf4 ./Drivers/STM32F1xx_HAL_Driver/Src/stm32f1xx_hal_pcd.o
 .debug_rnglists
                0x00000321       0x26 ./Drivers/STM32F1xx_HAL_Driver/Src/stm32f1xx_hal_pcd_ex.o
 .debug_rnglists
                0x00000347       0x6c ./Drivers/STM32F1xx_HAL_Driver/Src/stm32f1xx_hal_rcc.o
 .debug_rnglists
                0x000003b3       0x21 ./Drivers/STM32F1xx_HAL_Driver/Src/stm32f1xx_hal_rcc_ex.o
 .debug_rnglists
                0x000003d4       0xbd ./Drivers/STM32F1xx_HAL_Driver/Src/stm32f1xx_ll_usb.o
 .debug_rnglists
                0x00000491       0x4a ./Middlewares/ST/STM32_USB_Device_Library/Class/HID/Src/usbd_hid.o
 .debug_rnglists
                0x000004db       0x89 ./Middlewares/ST/STM32_USB_Device_Library/Core/Src/usbd_core.o
 .debug_rnglists
                0x00000564       0x68 ./Middlewares/ST/STM32_USB_Device_Library/Core/Src/usbd_ctlreq.o
 .debug_rnglists
                0x000005cc       0x37 ./Middlewares/ST/STM32_USB_Device_Library/Core/Src/usbd_ioreq.o
 .debug_rnglists
                0x00000603       0x13 ./USB_DEVICE/App/usb_device.o
 .debug_rnglists
                0x00000616       0x43 ./USB_DEVICE/App/usbd_desc.o
 .debug_rnglists
                0x00000659       0xce ./USB_DEVICE/Target/usbd_conf.o

.debug_macro    0x00000000    0x18dd8
 .debug_macro   0x00000000      0x351 ./Core/Src/main.o
 .debug_macro   0x00000351      0xaa8 ./Core/Src/main.o
 .debug_macro   0x00000df9      0x215 ./Core/Src/main.o
 .debug_macro   0x0000100e       0x2e ./Core/Src/main.o
 .debug_macro   0x0000103c       0x22 ./Core/Src/main.o
 .debug_macro   0x0000105e       0x22 ./Core/Src/main.o
 .debug_macro   0x00001080       0x8e ./Core/Src/main.o
 .debug_macro   0x0000110e       0x51 ./Core/Src/main.o
 .debug_macro   0x0000115f      0x103 ./Core/Src/main.o
 .debug_macro   0x00001262       0x6a ./Core/Src/main.o
 .debug_macro   0x000012cc      0x1df ./Core/Src/main.o
 .debug_macro   0x000014ab       0x1c ./Core/Src/main.o
 .debug_macro   0x000014c7       0x22 ./Core/Src/main.o
 .debug_macro   0x000014e9       0xbd ./Core/Src/main.o
 .debug_macro   0x000015a6      0xd23 ./Core/Src/main.o
 .debug_macro   0x000022c9     0xe09e ./Core/Src/main.o
 .debug_macro   0x00010367       0x6d ./Core/Src/main.o
 .debug_macro   0x000103d4     0x348d ./Core/Src/main.o
 .debug_macro   0x00013861      0x189 ./Core/Src/main.o
 .debug_macro   0x000139ea       0x5c ./Core/Src/main.o
 .debug_macro   0x00013a46      0x5bc ./Core/Src/main.o
 .debug_macro   0x00014002      0x289 ./Core/Src/main.o
 .debug_macro   0x0001428b      0x1cb ./Core/Src/main.o
 .debug_macro   0x00014456      0x114 ./Core/Src/main.o
 .debug_macro   0x0001456a      0x1b2 ./Core/Src/main.o
 .debug_macro   0x0001471c       0x27 ./Core/Src/main.o
 .debug_macro   0x00014743      0x136 ./Core/Src/main.o
 .debug_macro   0x00014879      0x1bc ./Core/Src/main.o
 .debug_macro   0x00014a35       0x34 ./Core/Src/main.o
 .debug_macro   0x00014a69       0x3c ./Core/Src/main.o
 .debug_macro   0x00014aa5       0x57 ./Core/Src/main.o
 .debug_macro   0x00014afc       0x87 ./Core/Src/main.o
 .debug_macro   0x00014b83      0x240 ./Core/Src/main.o
 .debug_macro   0x00014dc3      0x140 ./Core/Src/main.o
 .debug_macro   0x00014f03       0xab ./Core/Src/main.o
 .debug_macro   0x00014fae      0x242 ./Core/Src/main.o
 .debug_macro   0x000151f0       0x83 ./Core/Src/main.o
 .debug_macro   0x00015273       0x61 ./Core/Src/main.o
 .debug_macro   0x000152d4       0x24 ./Core/Src/main.o
 .debug_macro   0x000152f8       0x43 ./Core/Src/main.o
 .debug_macro   0x0001533b       0x34 ./Core/Src/main.o
 .debug_macro   0x0001536f       0x16 ./Core/Src/main.o
 .debug_macro   0x00015385       0x35 ./Core/Src/main.o
 .debug_macro   0x000153ba      0x369 ./Core/Src/main.o
 .debug_macro   0x00015723       0x10 ./Core/Src/main.o
 .debug_macro   0x00015733       0x16 ./Core/Src/main.o
 .debug_macro   0x00015749       0x43 ./Core/Src/main.o
 .debug_macro   0x0001578c       0x34 ./Core/Src/main.o
 .debug_macro   0x000157c0       0x10 ./Core/Src/main.o
 .debug_macro   0x000157d0       0x58 ./Core/Src/main.o
 .debug_macro   0x00015828       0x8e ./Core/Src/main.o
 .debug_macro   0x000158b6       0x1c ./Core/Src/main.o
 .debug_macro   0x000158d2      0x177 ./Core/Src/main.o
 .debug_macro   0x00015a49       0x16 ./Core/Src/main.o
 .debug_macro   0x00015a5f       0x16 ./Core/Src/main.o
 .debug_macro   0x00015a75      0x146 ./Core/Src/main.o
 .debug_macro   0x00015bbb       0x16 ./Core/Src/main.o
 .debug_macro   0x00015bd1       0x16 ./Core/Src/main.o
 .debug_macro   0x00015be7       0x29 ./Core/Src/main.o
 .debug_macro   0x00015c10       0x16 ./Core/Src/main.o
 .debug_macro   0x00015c26       0x20 ./Core/Src/main.o
 .debug_macro   0x00015c46       0x5f ./Core/Src/main.o
 .debug_macro   0x00015ca5      0x1c8 ./Core/Src/main.o
 .debug_macro   0x00015e6d       0x5e ./Core/Src/main.o
 .debug_macro   0x00015ecb      0x1b2 ./Core/Src/stm32f1xx_hal_msp.o
 .debug_macro   0x0001607d      0x1bc ./Core/Src/stm32f1xx_it.o
 .debug_macro   0x00016239       0xff ./Core/Src/sysmem.o
 .debug_macro   0x00016338      0x23c ./Core/Src/sysmem.o
 .debug_macro   0x00016574      0x1a8 ./Core/Src/system_stm32f1xx.o
 .debug_macro   0x0001671c      0x1cc ./Drivers/STM32F1xx_HAL_Driver/Src/stm32f1xx_hal.o
 .debug_macro   0x000168e8      0x1a8 ./Drivers/STM32F1xx_HAL_Driver/Src/stm32f1xx_hal_cortex.o
 .debug_macro   0x00016a90      0x1b4 ./Drivers/STM32F1xx_HAL_Driver/Src/stm32f1xx_hal_pcd.o
 .debug_macro   0x00016c44      0x1a8 ./Drivers/STM32F1xx_HAL_Driver/Src/stm32f1xx_hal_pcd_ex.o
 .debug_macro   0x00016dec      0x1ba ./Drivers/STM32F1xx_HAL_Driver/Src/stm32f1xx_hal_rcc.o
 .debug_macro   0x00016fa6      0x1a8 ./Drivers/STM32F1xx_HAL_Driver/Src/stm32f1xx_hal_rcc_ex.o
 .debug_macro   0x0001714e      0x1a8 ./Drivers/STM32F1xx_HAL_Driver/Src/stm32f1xx_ll_usb.o
 .debug_macro   0x000172f6      0x341 ./Middlewares/ST/STM32_USB_Device_Library/Class/HID/Src/usbd_hid.o
 .debug_macro   0x00017637       0x9e ./Middlewares/ST/STM32_USB_Device_Library/Class/HID/Src/usbd_hid.o
 .debug_macro   0x000176d5      0x10b ./Middlewares/ST/STM32_USB_Device_Library/Class/HID/Src/usbd_hid.o
 .debug_macro   0x000177e0       0x56 ./Middlewares/ST/STM32_USB_Device_Library/Class/HID/Src/usbd_hid.o
 .debug_macro   0x00017836      0x328 ./Middlewares/ST/STM32_USB_Device_Library/Core/Src/usbd_core.o
 .debug_macro   0x00017b5e      0x1ce ./Middlewares/ST/STM32_USB_Device_Library/Core/Src/usbd_core.o
 .debug_macro   0x00017d2c      0x332 ./Middlewares/ST/STM32_USB_Device_Library/Core/Src/usbd_ctlreq.o
 .debug_macro   0x0001805e      0x32e ./Middlewares/ST/STM32_USB_Device_Library/Core/Src/usbd_ioreq.o
 .debug_macro   0x0001838c      0x35e ./USB_DEVICE/App/usb_device.o
 .debug_macro   0x000186ea       0x22 ./USB_DEVICE/App/usb_device.o
 .debug_macro   0x0001870c      0x365 ./USB_DEVICE/App/usbd_desc.o
 .debug_macro   0x00018a71       0x1c ./USB_DEVICE/App/usbd_desc.o
 .debug_macro   0x00018a8d      0x34b ./USB_DEVICE/Target/usbd_conf.o

.debug_line     0x00000000     0xd48e
 .debug_line    0x00000000      0xb0a ./Core/Src/main.o
 .debug_line    0x00000b0a      0x703 ./Core/Src/stm32f1xx_hal_msp.o
 .debug_line    0x0000120d      0x7dd ./Core/Src/stm32f1xx_it.o
 .debug_line    0x000019ea      0x583 ./Core/Src/sysmem.o
 .debug_line    0x00001f6d      0x781 ./Core/Src/system_stm32f1xx.o
 .debug_line    0x000026ee       0x78 ./Core/Startup/startup_stm32f103c8tx.o
 .debug_line    0x00002766      0x9ae ./Drivers/STM32F1xx_HAL_Driver/Src/stm32f1xx_hal.o
 .debug_line    0x00003114      0xb9a ./Drivers/STM32F1xx_HAL_Driver/Src/stm32f1xx_hal_cortex.o
 .debug_line    0x00003cae     0x1409 ./Drivers/STM32F1xx_HAL_Driver/Src/stm32f1xx_hal_pcd.o
 .debug_line    0x000050b7      0x77c ./Drivers/STM32F1xx_HAL_Driver/Src/stm32f1xx_hal_pcd_ex.o
 .debug_line    0x00005833      0xdb7 ./Drivers/STM32F1xx_HAL_Driver/Src/stm32f1xx_hal_rcc.o
 .debug_line    0x000065ea      0x8f8 ./Drivers/STM32F1xx_HAL_Driver/Src/stm32f1xx_hal_rcc_ex.o
 .debug_line    0x00006ee2     0x107f ./Drivers/STM32F1xx_HAL_Driver/Src/stm32f1xx_ll_usb.o
 .debug_line    0x00007f61      0xbbf ./Middlewares/ST/STM32_USB_Device_Library/Class/HID/Src/usbd_hid.o
 .debug_line    0x00008b20      0xd82 ./Middlewares/ST/STM32_USB_Device_Library/Core/Src/usbd_core.o
 .debug_line    0x000098a2      0xfc2 ./Middlewares/ST/STM32_USB_Device_Library/Core/Src/usbd_ctlreq.o
 .debug_line    0x0000a864      0xa18 ./Middlewares/ST/STM32_USB_Device_Library/Core/Src/usbd_ioreq.o
 .debug_line    0x0000b27c      0x9bd ./USB_DEVICE/App/usb_device.o
 .debug_line    0x0000bc39      0xaa1 ./USB_DEVICE/App/usbd_desc.o
 .debug_line    0x0000c6da      0xdb4 ./USB_DEVICE/Target/usbd_conf.o

.debug_str      0x00000000    0x844aa
 .debug_str     0x00000000    0x81c74 ./Core/Src/main.o
                              0x8208c (size before relaxing)
 .debug_str     0x00081c74       0x5a ./Core/Src/stm32f1xx_hal_msp.o
                              0x7d664 (size before relaxing)
 .debug_str     0x00081cce      0x3f8 ./Core/Src/stm32f1xx_it.o
                              0x7da38 (size before relaxing)
 .debug_str     0x000820c6      0x4dc ./Core/Src/sysmem.o
                               0x6073 (size before relaxing)
 .debug_str     0x000825a2       0x7e ./Core/Src/system_stm32f1xx.o
                              0x7d68f (size before relaxing)
 .debug_str     0x00082620       0x44 ./Core/Startup/startup_stm32f103c8tx.o
                                 0x7e (size before relaxing)
 .debug_str     0x00082664      0x607 ./Drivers/STM32F1xx_HAL_Driver/Src/stm32f1xx_hal.o
                              0x7ddc2 (size before relaxing)
 .debug_str     0x00082c6b      0x293 ./Drivers/STM32F1xx_HAL_Driver/Src/stm32f1xx_hal_cortex.o
                              0x7dd0e (size before relaxing)
 .debug_str     0x00082efe      0x5da ./Drivers/STM32F1xx_HAL_Driver/Src/stm32f1xx_hal_pcd.o
                              0x7dfa1 (size before relaxing)
 .debug_str     0x000834d8      0x170 ./Drivers/STM32F1xx_HAL_Driver/Src/stm32f1xx_hal_pcd_ex.o
                              0x7db03 (size before relaxing)
 .debug_str     0x00083648      0x264 ./Drivers/STM32F1xx_HAL_Driver/Src/stm32f1xx_hal_rcc.o
                              0x7dabe (size before relaxing)
 .debug_str     0x000838ac       0x9f ./Drivers/STM32F1xx_HAL_Driver/Src/stm32f1xx_hal_rcc_ex.o
                              0x7d80e (size before relaxing)
 .debug_str     0x0008394b      0x129 ./Drivers/STM32F1xx_HAL_Driver/Src/stm32f1xx_ll_usb.o
                              0x7db55 (size before relaxing)
 .debug_str     0x00083a74      0x298 ./Middlewares/ST/STM32_USB_Device_Library/Class/HID/Src/usbd_hid.o
                              0x81fe8 (size before relaxing)
 .debug_str     0x00083d0c      0x298 ./Middlewares/ST/STM32_USB_Device_Library/Core/Src/usbd_core.o
                              0x81e83 (size before relaxing)
 .debug_str     0x00083fa4      0x11b ./Middlewares/ST/STM32_USB_Device_Library/Core/Src/usbd_ctlreq.o
                              0x81d9d (size before relaxing)
 .debug_str     0x000840bf       0x79 ./Middlewares/ST/STM32_USB_Device_Library/Core/Src/usbd_ioreq.o
                              0x81cca (size before relaxing)
 .debug_str     0x00084138       0xa2 ./USB_DEVICE/App/usb_device.o
                              0x81e3f (size before relaxing)
 .debug_str     0x000841da      0x258 ./USB_DEVICE/App/usbd_desc.o
                              0x81c06 (size before relaxing)
 .debug_str     0x00084432       0x78 ./USB_DEVICE/Target/usbd_conf.o
                              0x82972 (size before relaxing)

.comment        0x00000000       0x43
 .comment       0x00000000       0x43 ./Core/Src/main.o
                                 0x44 (size before relaxing)
 .comment       0x00000043       0x44 ./Core/Src/stm32f1xx_hal_msp.o
 .comment       0x00000043       0x44 ./Core/Src/stm32f1xx_it.o
 .comment       0x00000043       0x44 ./Core/Src/sysmem.o
 .comment       0x00000043       0x44 ./Core/Src/system_stm32f1xx.o
 .comment       0x00000043       0x44 ./Drivers/STM32F1xx_HAL_Driver/Src/stm32f1xx_hal.o
 .comment       0x00000043       0x44 ./Drivers/STM32F1xx_HAL_Driver/Src/stm32f1xx_hal_cortex.o
 .comment       0x00000043       0x44 ./Drivers/STM32F1xx_HAL_Driver/Src/stm32f1xx_hal_pcd.o
 .comment       0x00000043       0x44 ./Drivers/STM32F1xx_HAL_Driver/Src/stm32f1xx_hal_pcd_ex.o
 .comment       0x00000043       0x44 ./Drivers/STM32F1xx_HAL_Driver/Src/stm32f1xx_hal_rcc.o
 .comment       0x00000043       0x44 ./Drivers/STM32F1xx_HAL_Driver/Src/stm32f1xx_hal_rcc_ex.o
 .comment       0x00000043       0x44 ./Drivers/STM32F1xx_HAL_Driver/Src/stm32f1xx_ll_usb.o
 .comment       0x00000043       0x44 ./Middlewares/ST/STM32_USB_Device_Library/Class/HID/Src/usbd_hid.o
 .comment       0x00000043       0x44 ./Middlewares/ST/STM32_USB_Device_Library/Core/Src/usbd_core.o
 .comment       0x00000043       0x44 ./Middlewares/ST/STM32_USB_Device_Library/Core/Src/usbd_ctlreq.o
 .comment       0x00000043       0x44 ./Middlewares/ST/STM32_USB_Device_Library/Core/Src/usbd_ioreq.o
 .comment       0x00000043       0x44 ./USB_DEVICE/App/usb_device.o
 .comment       0x00000043       0x44 ./USB_DEVICE/App/usbd_desc.o
 .comment       0x00000043       0x44 ./USB_DEVICE/Target/usbd_conf.o

.debug_frame    0x00000000     0x2ae0
 .debug_frame   0x00000000       0xb4 ./Core/Src/main.o
 .debug_frame   0x000000b4       0x38 ./Core/Src/stm32f1xx_hal_msp.o
 .debug_frame   0x000000ec      0x120 ./Core/Src/stm32f1xx_it.o
 .debug_frame   0x0000020c       0x34 ./Core/Src/sysmem.o
 .debug_frame   0x00000240       0x58 ./Core/Src/system_stm32f1xx.o
 .debug_frame   0x00000298      0x334 ./Drivers/STM32F1xx_HAL_Driver/Src/stm32f1xx_hal.o
 .debug_frame   0x000005cc      0x428 ./Drivers/STM32F1xx_HAL_Driver/Src/stm32f1xx_hal_cortex.o
 .debug_frame   0x000009f4      0x59c ./Drivers/STM32F1xx_HAL_Driver/Src/stm32f1xx_hal_pcd.o
 .debug_frame   0x00000f90       0xb0 ./Drivers/STM32F1xx_HAL_Driver/Src/stm32f1xx_hal_pcd_ex.o
 .debug_frame   0x00001040      0x218 ./Drivers/STM32F1xx_HAL_Driver/Src/stm32f1xx_hal_rcc.o
 .debug_frame   0x00001258       0x80 ./Drivers/STM32F1xx_HAL_Driver/Src/stm32f1xx_hal_rcc_ex.o
 .debug_frame   0x000012d8      0x478 ./Drivers/STM32F1xx_HAL_Driver/Src/stm32f1xx_ll_usb.o
 .debug_frame   0x00001750      0x190 ./Middlewares/ST/STM32_USB_Device_Library/Class/HID/Src/usbd_hid.o
 .debug_frame   0x000018e0      0x300 ./Middlewares/ST/STM32_USB_Device_Library/Core/Src/usbd_core.o
 .debug_frame   0x00001be0      0x218 ./Middlewares/ST/STM32_USB_Device_Library/Core/Src/usbd_ctlreq.o
 .debug_frame   0x00001df8      0x10c ./Middlewares/ST/STM32_USB_Device_Library/Core/Src/usbd_ioreq.o
 .debug_frame   0x00001f04       0x2c ./USB_DEVICE/App/usb_device.o
 .debug_frame   0x00001f30      0x160 ./USB_DEVICE/App/usbd_desc.o
 .debug_frame   0x00002090      0x4a4 ./USB_DEVICE/Target/usbd_conf.o
 .debug_frame   0x00002534      0x144 C:/ST/STM32CubeIDE_1.15.1/STM32CubeIDE/plugins/com.st.stm32cube.ide.mcu.externaltools.gnu-tools-for-stm32.12.3.rel1.win32_1.0.100.202403111256/tools/bin/../lib/gcc/arm-none-eabi/12.3.1/../../../../arm-none-eabi/lib/thumb/v7-m/nofp\libc_nano.a(libc_a-findfp.o)
 .debug_frame   0x00002678       0x6c C:/ST/STM32CubeIDE_1.15.1/STM32CubeIDE/plugins/com.st.stm32cube.ide.mcu.externaltools.gnu-tools-for-stm32.12.3.rel1.win32_1.0.100.202403111256/tools/bin/../lib/gcc/arm-none-eabi/12.3.1/../../../../arm-none-eabi/lib/thumb/v7-m/nofp\libc_nano.a(libc_a-sprintf.o)
 .debug_frame   0x000026e4       0x20 C:/ST/STM32CubeIDE_1.15.1/STM32CubeIDE/plugins/com.st.stm32cube.ide.mcu.externaltools.gnu-tools-for-stm32.12.3.rel1.win32_1.0.100.202403111256/tools/bin/../lib/gcc/arm-none-eabi/12.3.1/../../../../arm-none-eabi/lib/thumb/v7-m/nofp\libc_nano.a(libc_a-memset.o)
 .debug_frame   0x00002704       0x38 C:/ST/STM32CubeIDE_1.15.1/STM32CubeIDE/plugins/com.st.stm32cube.ide.mcu.externaltools.gnu-tools-for-stm32.12.3.rel1.win32_1.0.100.202403111256/tools/bin/../lib/gcc/arm-none-eabi/12.3.1/../../../../arm-none-eabi/lib/thumb/v7-m/nofp\libc_nano.a(libc_a-reent.o)
 .debug_frame   0x0000273c       0x20 C:/ST/STM32CubeIDE_1.15.1/STM32CubeIDE/plugins/com.st.stm32cube.ide.mcu.externaltools.gnu-tools-for-stm32.12.3.rel1.win32_1.0.100.202403111256/tools/bin/../lib/gcc/arm-none-eabi/12.3.1/../../../../arm-none-eabi/lib/thumb/v7-m/nofp\libc_nano.a(libc_a-errno.o)
 .debug_frame   0x0000275c       0x2c C:/ST/STM32CubeIDE_1.15.1/STM32CubeIDE/plugins/com.st.stm32cube.ide.mcu.externaltools.gnu-tools-for-stm32.12.3.rel1.win32_1.0.100.202403111256/tools/bin/../lib/gcc/arm-none-eabi/12.3.1/../../../../arm-none-eabi/lib/thumb/v7-m/nofp\libc_nano.a(libc_a-init.o)
 .debug_frame   0x00002788       0xb0 C:/ST/STM32CubeIDE_1.15.1/STM32CubeIDE/plugins/com.st.stm32cube.ide.mcu.externaltools.gnu-tools-for-stm32.12.3.rel1.win32_1.0.100.202403111256/tools/bin/../lib/gcc/arm-none-eabi/12.3.1/../../../../arm-none-eabi/lib/thumb/v7-m/nofp\libc_nano.a(libc_a-lock.o)
 .debug_frame   0x00002838       0x38 C:/ST/STM32CubeIDE_1.15.1/STM32CubeIDE/plugins/com.st.stm32cube.ide.mcu.externaltools.gnu-tools-for-stm32.12.3.rel1.win32_1.0.100.202403111256/tools/bin/../lib/gcc/arm-none-eabi/12.3.1/../../../../arm-none-eabi/lib/thumb/v7-m/nofp\libc_nano.a(libc_a-freer.o)
 .debug_frame   0x00002870       0x50 C:/ST/STM32CubeIDE_1.15.1/STM32CubeIDE/plugins/com.st.stm32cube.ide.mcu.externaltools.gnu-tools-for-stm32.12.3.rel1.win32_1.0.100.202403111256/tools/bin/../lib/gcc/arm-none-eabi/12.3.1/../../../../arm-none-eabi/lib/thumb/v7-m/nofp\libc_nano.a(libc_a-mallocr.o)
 .debug_frame   0x000028c0       0x30 C:/ST/STM32CubeIDE_1.15.1/STM32CubeIDE/plugins/com.st.stm32cube.ide.mcu.externaltools.gnu-tools-for-stm32.12.3.rel1.win32_1.0.100.202403111256/tools/bin/../lib/gcc/arm-none-eabi/12.3.1/../../../../arm-none-eabi/lib/thumb/v7-m/nofp\libc_nano.a(libc_a-mlock.o)
 .debug_frame   0x000028f0       0x90 C:/ST/STM32CubeIDE_1.15.1/STM32CubeIDE/plugins/com.st.stm32cube.ide.mcu.externaltools.gnu-tools-for-stm32.12.3.rel1.win32_1.0.100.202403111256/tools/bin/../lib/gcc/arm-none-eabi/12.3.1/../../../../arm-none-eabi/lib/thumb/v7-m/nofp\libc_nano.a(libc_a-nano-svfprintf.o)
 .debug_frame   0x00002980       0x60 C:/ST/STM32CubeIDE_1.15.1/STM32CubeIDE/plugins/com.st.stm32cube.ide.mcu.externaltools.gnu-tools-for-stm32.12.3.rel1.win32_1.0.100.202403111256/tools/bin/../lib/gcc/arm-none-eabi/12.3.1/../../../../arm-none-eabi/lib/thumb/v7-m/nofp\libc_nano.a(libc_a-nano-vfprintf_i.o)
 .debug_frame   0x000029e0       0x28 C:/ST/STM32CubeIDE_1.15.1/STM32CubeIDE/plugins/com.st.stm32cube.ide.mcu.externaltools.gnu-tools-for-stm32.12.3.rel1.win32_1.0.100.202403111256/tools/bin/../lib/gcc/arm-none-eabi/12.3.1/../../../../arm-none-eabi/lib/thumb/v7-m/nofp\libc_nano.a(libc_a-memmove.o)
 .debug_frame   0x00002a08       0x2c C:/ST/STM32CubeIDE_1.15.1/STM32CubeIDE/plugins/com.st.stm32cube.ide.mcu.externaltools.gnu-tools-for-stm32.12.3.rel1.win32_1.0.100.202403111256/tools/bin/../lib/gcc/arm-none-eabi/12.3.1/../../../../arm-none-eabi/lib/thumb/v7-m/nofp\libc_nano.a(libc_a-sbrkr.o)
 .debug_frame   0x00002a34       0x28 C:/ST/STM32CubeIDE_1.15.1/STM32CubeIDE/plugins/com.st.stm32cube.ide.mcu.externaltools.gnu-tools-for-stm32.12.3.rel1.win32_1.0.100.202403111256/tools/bin/../lib/gcc/arm-none-eabi/12.3.1/../../../../arm-none-eabi/lib/thumb/v7-m/nofp\libc_nano.a(libc_a-memchr-stub.o)
 .debug_frame   0x00002a5c       0x28 C:/ST/STM32CubeIDE_1.15.1/STM32CubeIDE/plugins/com.st.stm32cube.ide.mcu.externaltools.gnu-tools-for-stm32.12.3.rel1.win32_1.0.100.202403111256/tools/bin/../lib/gcc/arm-none-eabi/12.3.1/../../../../arm-none-eabi/lib/thumb/v7-m/nofp\libc_nano.a(libc_a-memcpy-stub.o)
 .debug_frame   0x00002a84       0x3c C:/ST/STM32CubeIDE_1.15.1/STM32CubeIDE/plugins/com.st.stm32cube.ide.mcu.externaltools.gnu-tools-for-stm32.12.3.rel1.win32_1.0.100.202403111256/tools/bin/../lib/gcc/arm-none-eabi/12.3.1/../../../../arm-none-eabi/lib/thumb/v7-m/nofp\libc_nano.a(libc_a-reallocr.o)
 .debug_frame   0x00002ac0       0x20 C:/ST/STM32CubeIDE_1.15.1/STM32CubeIDE/plugins/com.st.stm32cube.ide.mcu.externaltools.gnu-tools-for-stm32.12.3.rel1.win32_1.0.100.202403111256/tools/bin/../lib/gcc/arm-none-eabi/12.3.1/../../../../arm-none-eabi/lib/thumb/v7-m/nofp\libc_nano.a(libc_a-msizer.o)

.debug_line_str
                0x00000000       0x62
 .debug_line_str
                0x00000000       0x62 ./Core/Startup/startup_stm32f103c8tx.o
